ARM Linker, 5.03 [Build 76] [MDK-ARM Lite]

==============================================================================

Section Cross References

    system_stm32f4xx.o(.text) refers to system_stm32f4xx.o(.data) for SystemCoreClock
    stm32f4xx_gpio.o(.text) refers to stm32f4xx_rcc.o(.text) for RCC_AHB1PeriphResetCmd
    stm32f4xx_rcc.o(.text) refers to stm32f4xx_rcc.o(.data) for APBAHBPrescTable
    stm32f4xx_spi.o(.text) refers to stm32f4xx_rcc.o(.text) for RCC_APB2PeriphResetCmd
    stm32f4xx_syscfg.o(.text) refers to stm32f4xx_rcc.o(.text) for RCC_APB2PeriphResetCmd
    stm32f4xx_usart.o(.text) refers to stm32f4xx_rcc.o(.text) for RCC_APB2PeriphResetCmd
    gpio.o(.text) refers to stm32f4xx_rcc.o(.text) for RCC_AHB1PeriphClockCmd
    gpio.o(.text) refers to stm32f4xx_gpio.o(.text) for GPIO_StructInit
    led.o(.text) refers to stm32f4_discovery.o(.text) for STM_EVAL_LEDInit
    led.o(.text) refers to system.o(.text) for Delay
    led.o(.text) refers to strcasecmp.o(.text) for strcasecmp
    main.o(.text) refers to strcat.o(.text) for strcat
    main.o(.text) refers to memseta.o(.text) for __aeabi_memclr4
    main.o(.text) refers to strlen.o(.text) for strlen
    main.o(.text) refers to memcpya.o(.text) for __aeabi_memcpy
    main.o(.text) refers to cmd.o(.text) for CMD_RemoveEnter
    main.o(.text) refers to strtok.o(.text) for strtok
    main.o(.text) refers to strcasecmp.o(.text) for strcasecmp
    main.o(.text) refers to led.o(.text) for Led_GetByName
    main.o(.text) refers to stm32f4_discovery.o(.text) for STM_EVAL_LEDOn
    main.o(.text) refers to expr_eval.o(.text) for calculate
    main.o(.text) refers to printf1.o(i.__0sprintf$1) for __2sprintf
    main.o(.text) refers to hotkey.o(.text) for HotKey_IsExisted
    main.o(.text) refers to main.o(.data) for g_cmd_invalid
    main.o(.text) refers to stm32f4xx_usart.o(.text) for USART_StructInit
    main.o(.text) refers to queue.o(.text) for Queue_Create
    main.o(.text) refers to system.o(.text) for SysClock_Init
    main.o(.text) refers to uart.o(.text) for USART_Interrupt_MyInit
    main.o(.text) refers to main.o(.bss) for g_menu_str
    main.o(.data) refers to main.o(.conststring) for .conststring
    spi.o(.text) refers to gpio.o(.text) for GPIO_ToGPIOPinSource
    spi.o(.text) refers to stm32f4xx_gpio.o(.text) for GPIO_PinAFConfig
    spi.o(.text) refers to stm32f4xx_rcc.o(.text) for RCC_APB2PeriphClockCmd
    spi.o(.text) refers to stm32f4xx_spi.o(.text) for SPI_Init
    spi.o(.text) refers to misc.o(.text) for NVIC_Init
    spi.o(.text) refers to memseta.o(.text) for __aeabi_memclr4
    string_manipulator.o(.text) refers to memseta.o(.text) for __aeabi_memclr
    system.o(.text) refers to stm32f4xx_rcc.o(.text) for RCC_GetClocksFreq
    system.o(.text) refers to system.o(.data) for g_sys_tick
    uart.o(.text) refers to stm32f4xx_usart.o(.text) for USART_SendData
    uart.o(.text) refers to memseta.o(.text) for __aeabi_memclr
    uart.o(.text) refers to calloc.o(.text) for calloc
    uart.o(.text) refers to string_manipulator.o(.text) for string_to_uint16_array
    uart.o(.text) refers to malloc.o(i.free) for free
    uart.o(.text) refers to gpio.o(.text) for GPIO_ToGPIOPinSource
    uart.o(.text) refers to stm32f4xx_gpio.o(.text) for GPIO_PinAFConfig
    uart.o(.text) refers to stm32f4xx_rcc.o(.text) for RCC_APB2PeriphClockCmd
    uart.o(.text) refers to misc.o(.text) for NVIC_Init
    queue.o(.text) refers to memseta.o(.text) for __aeabi_memclr
    queue.o(.text) refers to calloc.o(.text) for calloc
    queue.o(.text) refers to string_manipulator.o(.text) for uint16_array_to_string
    queue.o(.text) refers to malloc.o(i.free) for free
    queue.o(.text) refers to array.o(.text) for Array_Uint16_ShiftLeft
    cmd.o(.text) refers to hotkey.o(.text) for HotKey_IsExisted
    cmd.o(.text) refers to strlen.o(.text) for strlen
    hotkey.o(.text) refers to strstr.o(.text) for strstr
    startup_stm32f4xx.o(RESET) refers to startup_stm32f4xx.o(STACK) for __initial_sp
    startup_stm32f4xx.o(RESET) refers to startup_stm32f4xx.o(.text) for Reset_Handler
    startup_stm32f4xx.o(RESET) refers to system.o(.text) for SysTick_Handler
    startup_stm32f4xx.o(RESET) refers to main.o(.text) for USART3_IRQHandler
    startup_stm32f4xx.o(.text) refers to system_stm32f4xx.o(.text) for SystemInit
    startup_stm32f4xx.o(.text) refers to entry.o(.ARM.Collect$$$$00000000) for __main
    stm32f4_discovery.o(.text) refers to stm32f4xx_rcc.o(.text) for RCC_AHB1PeriphClockCmd
    stm32f4_discovery.o(.text) refers to stm32f4xx_gpio.o(.text) for GPIO_Init
    stm32f4_discovery.o(.text) refers to stm32f4xx_syscfg.o(.text) for SYSCFG_EXTILineConfig
    stm32f4_discovery.o(.text) refers to stm32f4xx_exti.o(.text) for EXTI_Init
    stm32f4_discovery.o(.text) refers to misc.o(.text) for NVIC_Init
    stm32f4_discovery.o(.text) refers to stm32f4_discovery.o(.constdata) for GPIO_CLK
    stm32f4_discovery.o(.text) refers to stm32f4_discovery.o(.data) for GPIO_PORT
[...]
    printf0.o(i.__0snprintf$0) refers to printf0.o(i._printf_core) for _printf_core
    printf0.o(i.__0snprintf$0) refers to printf0.o(i._snputc) for _snputc
    printf0.o(i.__0sprintf$0) refers to printf0.o(i._printf_core) for _printf_core
    printf0.o(i.__0sprintf$0) refers to printf0.o(i._sputc) for _sputc
    printf0.o(i.__0vfprintf$0) refers to printf0.o(i._printf_core) for _printf_core
    printf0.o(i.__0vfprintf$0) refers to fputc.o(i.fputc) for fputc
    printf0.o(i.__0vprintf$0) refers to printf0.o(i._printf_core) for _printf_core
    printf0.o(i.__0vprintf$0) refers to fputc.o(i.fputc) for fputc
    printf0.o(i.__0vprintf$0) refers to stdout.o(.data) for __stdout
    printf0.o(i.__0vsnprintf$0) refers to printf0.o(i._printf_core) for _printf_core
    printf0.o(i.__0vsnprintf$0) refers to printf0.o(i._snputc) for _snputc
    printf0.o(i.__0vsprintf$0) refers to printf0.o(i._printf_core) for _printf_core
    printf0.o(i.__0vsprintf$0) refers to printf0.o(i._sputc) for _sputc
    printf1.o(i.__0fprintf$1) refers to printf1.o(i._printf_core) for _printf_core
    printf1.o(i.__0fprintf$1) refers to fputc.o(i.fputc) for fputc
    printf1.o(i.__0printf$1) refers to printf1.o(i._printf_core) for _printf_core
    printf1.o(i.__0printf$1) refers to fputc.o(i.fputc) for fputc
    printf1.o(i.__0printf$1) refers to stdout.o(.data) for __stdout
    printf1.o(i.__0snprintf$1) refers to printf1.o(i._printf_core) for _printf_core
    printf1.o(i.__0snprintf$1) refers to printf1.o(i._snputc) for _snputc
    printf1.o(i.__0sprintf$1) refers to printf1.o(i._printf_core) for _printf_core
    printf1.o(i.__0sprintf$1) refers to printf1.o(i._sputc) for _sputc
    printf1.o(i.__0vfprintf$1) refers to printf1.o(i._printf_core) for _printf_core
    printf1.o(i.__0vfprintf$1) refers to fputc.o(i.fputc) for fputc
    printf1.o(i.__0vprintf$1) refers to printf1.o(i._printf_core) for _printf_core
    printf1.o(i.__0vprintf$1) refers to fputc.o(i.fputc) for fputc
    printf1.o(i.__0vprintf$1) refers to stdout.o(.data) for __stdout
    printf1.o(i.__0vsnprintf$1) refers to printf1.o(i._printf_core) for _printf_core
    printf1.o(i.__0vsnprintf$1) refers to printf1.o(i._snputc) for _snputc
    printf1.o(i.__0vsprintf$1) refers to printf1.o(i._printf_core) for _printf_core
    printf1.o(i.__0vsprintf$1) refers to printf1.o(i._sputc) for _sputc
    printf1.o(i._printf_core) refers to uidiv.o(.text) for __aeabi_uidivmod
    printf2.o(i.__0fprintf$2) refers to printf2.o(i._printf_core) for _printf_core
    printf2.o(i.__0fprintf$2) refers to fputc.o(i.fputc) for fputc
    printf2.o(i.__0printf$2) refers to printf2.o(i._printf_core) for _printf_core
    printf2.o(i.__0printf$2) refers to fputc.o(i.fputc) for fputc
    printf2.o(i.__0printf$2) refers to stdout.o(.data) for __stdout
    printf2.o(i.__0snprintf$2) refers to printf2.o(i._printf_core) for _printf_core
    printf2.o(i.__0snprintf$2) refers to printf2.o(i._snputc) for _snputc
    printf2.o(i.__0sprintf$2) refers to printf2.o(i._printf_core) for _printf_core
    printf2.o(i.__0sprintf$2) refers to printf2.o(i._sputc) for _sputc
    printf2.o(i.__0vfprintf$2) refers to printf2.o(i._printf_core) for _printf_core
    printf2.o(i.__0vfprintf$2) refers to fputc.o(i.fputc) for fputc
    printf2.o(i.__0vprintf$2) refers to printf2.o(i._printf_core) for _printf_core
    printf2.o(i.__0vprintf$2) refers to fputc.o(i.fputc) for fputc
    printf2.o(i.__0vprintf$2) refers to stdout.o(.data) for __stdout
    printf2.o(i.__0vsnprintf$2) refers to printf2.o(i._printf_core) for _printf_core
    printf2.o(i.__0vsnprintf$2) refers to printf2.o(i._snputc) for _snputc
    printf2.o(i.__0vsprintf$2) refers to printf2.o(i._printf_core) for _printf_core
    printf2.o(i.__0vsprintf$2) refers to printf2.o(i._sputc) for _sputc
    printf3.o(i.__0fprintf$3) refers to printf3.o(i._printf_core) for _printf_core
    printf3.o(i.__0fprintf$3) refers to fputc.o(i.fputc) for fputc
    printf3.o(i.__0printf$3) refers to printf3.o(i._printf_core) for _printf_core
    printf3.o(i.__0printf$3) refers to fputc.o(i.fputc) for fputc
    printf3.o(i.__0printf$3) refers to stdout.o(.data) for __stdout
    printf3.o(i.__0snprintf$3) refers to printf3.o(i._printf_core) for _printf_core
    printf3.o(i.__0snprintf$3) refers to printf3.o(i._snputc) for _snputc
    printf3.o(i.__0sprintf$3) refers to printf3.o(i._printf_core) for _printf_core
    printf3.o(i.__0sprintf$3) refers to printf3.o(i._sputc) for _sputc
    printf3.o(i.__0vfprintf$3) refers to printf3.o(i._printf_core) for _printf_core
    printf3.o(i.__0vfprintf$3) refers to fputc.o(i.fputc) for fputc
    printf3.o(i.__0vprintf$3) refers to printf3.o(i._printf_core) for _printf_core
    printf3.o(i.__0vprintf$3) refers to fputc.o(i.fputc) for fputc
    printf3.o(i.__0vprintf$3) refers to stdout.o(.data) for __stdout
    printf3.o(i.__0vsnprintf$3) refers to printf3.o(i._printf_core) for _printf_core
    printf3.o(i.__0vsnprintf$3) refers to printf3.o(i._snputc) for _snputc
    printf3.o(i.__0vsprintf$3) refers to printf3.o(i._printf_core) for _printf_core
    printf3.o(i.__0vsprintf$3) refers to printf3.o(i._sputc) for _sputc
    printf3.o(i._printf_core) refers to uidiv.o(.text) for __aeabi_uidivmod
    printf4.o(i.__0fprintf$4) refers to printf4.o(i._printf_core) for _printf_core
    printf4.o(i.__0fprintf$4) refers to fputc.o(i.fputc) for fputc
    printf4.o(i.__0printf$4) refers to printf4.o(i._printf_core) for _printf_core
    printf4.o(i.__0printf$4) refers to fputc.o(i.fputc) for fputc
    printf4.o(i.__0printf$4) refers to stdout.o(.data) for __stdout
    printf4.o(i.__0snprintf$4) refers to printf4.o(i._printf_core) for _printf_core
    printf4.o(i.__0snprintf$4) refers to printf4.o(i._snputc) for _snputc
    printf4.o(i.__0sprintf$4) refers to printf4.o(i._printf_core) for _printf_core
    printf4.o(i.__0sprintf$4) refers to printf4.o(i._sputc) for _sputc
    printf4.o(i.__0vfprintf$4) refers to printf4.o(i._printf_core) for _printf_core
    printf4.o(i.__0vfprintf$4) refers to fputc.o(i.fputc) for fputc
    printf4.o(i.__0vprintf$4) refers to printf4.o(i._printf_core) for _printf_core
    printf4.o(i.__0vprintf$4) refers to fputc.o(i.fputc) for fputc
    printf4.o(i.__0vprintf$4) refers to stdout.o(.data) for __stdout
    printf4.o(i.__0vsnprintf$4) refers to printf4.o(i._printf_core) for _printf_core
    printf4.o(i.__0vsnprintf$4) refers to printf4.o(i._snputc) for _snputc
    printf4.o(i.__0vsprintf$4) refers to printf4.o(i._printf_core) for _printf_core
    printf4.o(i.__0vsprintf$4) refers to printf4.o(i._sputc) for _sputc
    printf4.o(i._printf_core) refers to uldiv.o(.text) for __aeabi_uldivmod
    printf5.o(i.__0fprintf$5) refers to printf5.o(i._printf_core) for _printf_core
    printf5.o(i.__0fprintf$5) refers to fputc.o(i.fputc) for fputc
    printf5.o(i.__0printf$5) refers to printf5.o(i._printf_core) for _printf_core
    printf5.o(i.__0printf$5) refers to fputc.o(i.fputc) for fputc
    printf5.o(i.__0printf$5) refers to stdout.o(.data) for __stdout
    printf5.o(i.__0snprintf$5) refers to printf5.o(i._printf_core) for _printf_core
    printf5.o(i.__0snprintf$5) refers to printf5.o(i._snputc) for _snputc
    printf5.o(i.__0sprintf$5) refers to printf5.o(i._printf_core) for _printf_core
    printf5.o(i.__0sprintf$5) refers to printf5.o(i._sputc) for _sputc
    printf5.o(i.__0vfprintf$5) refers to printf5.o(i._printf_core) for _printf_core
    printf5.o(i.__0vfprintf$5) refers to fputc.o(i.fputc) for fputc
    printf5.o(i.__0vprintf$5) refers to printf5.o(i._printf_core) for _printf_core
    printf5.o(i.__0vprintf$5) refers to fputc.o(i.fputc) for fputc
    printf5.o(i.__0vprintf$5) refers to stdout.o(.data) for __stdout
    printf5.o(i.__0vsnprintf$5) refers to printf5.o(i._printf_core) for _printf_core
    printf5.o(i.__0vsnprintf$5) refers to printf5.o(i._snputc) for _snputc
    printf5.o(i.__0vsprintf$5) refers to printf5.o(i._printf_core) for _printf_core
    printf5.o(i.__0vsprintf$5) refers to printf5.o(i._sputc) for _sputc
    printf5.o(i._printf_core) refers to uldiv.o(.text) for __aeabi_uldivmod
    printf6.o(i.__0fprintf$6) refers to printf6.o(i._printf_core) for _printf_core
    printf6.o(i.__0fprintf$6) refers to fputc.o(i.fputc) for fputc
    printf6.o(i.__0printf$6) refers to printf6.o(i._printf_core) for _printf_core
    printf6.o(i.__0printf$6) refers to fputc.o(i.fputc) for fputc
    printf6.o(i.__0printf$6) refers to stdout.o(.data) for __stdout
    printf6.o(i.__0snprintf$6) refers to printf6.o(i._printf_core) for _printf_core
    printf6.o(i.__0snprintf$6) refers to printf6.o(i._snputc) for _snputc
    printf6.o(i.__0sprintf$6) refers to printf6.o(i._printf_core) for _printf_core
    printf6.o(i.__0sprintf$6) refers to printf6.o(i._sputc) for _sputc
    printf6.o(i.__0vfprintf$6) refers to printf6.o(i._printf_core) for _printf_core
    printf6.o(i.__0vfprintf$6) refers to fputc.o(i.fputc) for fputc
    printf6.o(i.__0vprintf$6) refers to printf6.o(i._printf_core) for _printf_core
    printf6.o(i.__0vprintf$6) refers to fputc.o(i.fputc) for fputc
    printf6.o(i.__0vprintf$6) refers to stdout.o(.data) for __stdout
    printf6.o(i.__0vsnprintf$6) refers to printf6.o(i._printf_core) for _printf_core
    printf6.o(i.__0vsnprintf$6) refers to printf6.o(i._snputc) for _snputc
    printf6.o(i.__0vsprintf$6) refers to printf6.o(i._printf_core) for _printf_core
    printf6.o(i.__0vsprintf$6) refers to printf6.o(i._sputc) for _sputc
    printf6.o(i._printf_core) refers to printf6.o(i._printf_pre_padding) for _printf_pre_padding
    printf6.o(i._printf_core) refers to uidiv.o(.text) for __aeabi_uidivmod
    printf6.o(i._printf_core) refers to printf6.o(i._printf_post_padding) for _printf_post_padding
    printf7.o(i.__0fprintf$7) refers to printf7.o(i._printf_core) for _printf_core
    printf7.o(i.__0fprintf$7) refers to fputc.o(i.fputc) for fputc
    printf7.o(i.__0printf$7) refers to printf7.o(i._printf_core) for _printf_core
    printf7.o(i.__0printf$7) refers to fputc.o(i.fputc) for fputc
    printf7.o(i.__0printf$7) refers to stdout.o(.data) for __stdout
    printf7.o(i.__0snprintf$7) refers to printf7.o(i._printf_core) for _printf_core
    printf7.o(i.__0snprintf$7) refers to printf7.o(i._snputc) for _snputc
    printf7.o(i.__0sprintf$7) refers to printf7.o(i._printf_core) for _printf_core
    printf7.o(i.__0sprintf$7) refers to printf7.o(i._sputc) for _sputc
    printf7.o(i.__0vfprintf$7) refers to printf7.o(i._printf_core) for _printf_core
    printf7.o(i.__0vfprintf$7) refers to fputc.o(i.fputc) for fputc
    printf7.o(i.__0vprintf$7) refers to printf7.o(i._printf_core) for _printf_core
    printf7.o(i.__0vprintf$7) refers to fputc.o(i.fputc) for fputc
    printf7.o(i.__0vprintf$7) refers to stdout.o(.data) for __stdout
    printf7.o(i.__0vsnprintf$7) refers to printf7.o(i._printf_core) for _printf_core
    printf7.o(i.__0vsnprintf$7) refers to printf7.o(i._snputc) for _snputc
    printf7.o(i.__0vsprintf$7) refers to printf7.o(i._printf_core) for _printf_core
    printf7.o(i.__0vsprintf$7) refers to printf7.o(i._sputc) for _sputc
    printf7.o(i._printf_core) refers to printf7.o(i._printf_pre_padding) for _printf_pre_padding
    printf7.o(i._printf_core) refers to uldiv.o(.text) for __aeabi_uldivmod
    printf7.o(i._printf_core) refers to printf7.o(i._printf_post_padding) for _printf_post_padding
    printf8.o(i.__0fprintf$8) refers to printf8.o(i._printf_core) for _printf_core
    printf8.o(i.__0fprintf$8) refers to fputc.o(i.fputc) for fputc
    printf8.o(i.__0printf$8) refers to printf8.o(i._printf_core) for _printf_core
    printf8.o(i.__0printf$8) refers to fputc.o(i.fputc) for fputc
    printf8.o(i.__0printf$8) refers to stdout.o(.data) for __stdout
    printf8.o(i.__0snprintf$8) refers to printf8.o(i._printf_core) for _printf_core
    printf8.o(i.__0snprintf$8) refers to printf8.o(i._snputc) for _snputc
    printf8.o(i.__0sprintf$8) refers to printf8.o(i._printf_core) for _printf_core
    printf8.o(i.__0sprintf$8) refers to printf8.o(i._sputc) for _sputc
    printf8.o(i.__0vfprintf$8) refers to printf8.o(i._printf_core) for _printf_core
    printf8.o(i.__0vfprintf$8) refers to fputc.o(i.fputc) for fputc
    printf8.o(i.__0vprintf$8) refers to printf8.o(i._printf_core) for _printf_core
    printf8.o(i.__0vprintf$8) refers to fputc.o(i.fputc) for fputc
    printf8.o(i.__0vprintf$8) refers to stdout.o(.data) for __stdout
    printf8.o(i.__0vsnprintf$8) refers to printf8.o(i._printf_core) for _printf_core
    printf8.o(i.__0vsnprintf$8) refers to printf8.o(i._snputc) for _snputc
    printf8.o(i.__0vsprintf$8) refers to printf8.o(i._printf_core) for _printf_core
    printf8.o(i.__0vsprintf$8) refers to printf8.o(i._sputc) for _sputc
    printf8.o(i._printf_core) refers to printf8.o(i._printf_pre_padding) for _printf_pre_padding
    printf8.o(i._printf_core) refers to uldiv.o(.text) for __aeabi_uldivmod
    printf8.o(i._printf_core) refers to printf8.o(i._printf_post_padding) for _printf_post_padding
    printfa.o(i.__0fprintf) refers (Special) to iusefp.o(.text) for __I$use$fp
    printfa.o(i.__0fprintf) refers to printfa.o(i._printf_core) for _printf_core
    printfa.o(i.__0fprintf) refers to fputc.o(i.fputc) for fputc
    printfa.o(i.__0printf) refers (Special) to iusefp.o(.text) for __I$use$fp
    printfa.o(i.__0printf) refers to printfa.o(i._printf_core) for _printf_core
    printfa.o(i.__0printf) refers to fputc.o(i.fputc) for fputc
    printfa.o(i.__0printf) refers to stdout.o(.data) for __stdout
    printfa.o(i.__0snprintf) refers (Special) to iusefp.o(.text) for __I$use$fp
    printfa.o(i.__0snprintf) refers to printfa.o(i._printf_core) for _printf_core
    printfa.o(i.__0snprintf) refers to printfa.o(i._snputc) for _snputc
    printfa.o(i.__0sprintf) refers (Special) to iusefp.o(.text) for __I$use$fp
    printfa.o(i.__0sprintf) refers to printfa.o(i._printf_core) for _printf_core
    printfa.o(i.__0sprintf) refers to printfa.o(i._sputc) for _sputc
    printfa.o(i.__0vfprintf) refers (Special) to iusefp.o(.text) for __I$use$fp
    printfa.o(i.__0vfprintf) refers to printfa.o(i._printf_core) for _printf_core
    printfa.o(i.__0vfprintf) refers to fputc.o(i.fputc) for fputc
    printfa.o(i.__0vprintf) refers (Special) to iusefp.o(.text) for __I$use$fp
    printfa.o(i.__0vprintf) refers to printfa.o(i._printf_core) for _printf_core
    printfa.o(i.__0vprintf) refers to fputc.o(i.fputc) for fputc
    printfa.o(i.__0vprintf) refers to stdout.o(.data) for __stdout
    printfa.o(i.__0vsnprintf) refers (Special) to iusefp.o(.text) for __I$use$fp
    printfa.o(i.__0vsnprintf) refers to printfa.o(i._printf_core) for _printf_core
    printfa.o(i.__0vsnprintf) refers to printfa.o(i._snputc) for _snputc
    printfa.o(i.__0vsprintf) refers (Special) to iusefp.o(.text) for __I$use$fp
    printfa.o(i.__0vsprintf) refers to printfa.o(i._printf_core) for _printf_core
    printfa.o(i.__0vsprintf) refers to printfa.o(i._sputc) for _sputc
    printfa.o(i._fp_digits) refers (Special) to iusefp.o(.text) for __I$use$fp
    printfa.o(i._fp_digits) refers to dmul.o(.text) for __aeabi_dmul
    printfa.o(i._fp_digits) refers to ddiv.o(.text) for __aeabi_ddiv
    printfa.o(i._fp_digits) refers to cdrcmple.o(.text) for __aeabi_cdrcmple
    printfa.o(i._fp_digits) refers to dadd.o(.text) for __aeabi_dadd
    printfa.o(i._fp_digits) refers to dfixul.o(.text) for __aeabi_d2ulz
    printfa.o(i._fp_digits) refers to uldiv.o(.text) for __aeabi_uldivmod
    printfa.o(i._printf_core) refers (Special) to iusefp.o(.text) for __I$use$fp
    printfa.o(i._printf_core) refers to printfa.o(i._printf_pre_padding) for _printf_pre_padding
    printfa.o(i._printf_core) refers to uldiv.o(.text) for __aeabi_uldivmod
    printfa.o(i._printf_core) refers to printfa.o(i._printf_post_padding) for _printf_post_padding
    printfa.o(i._printf_core) refers to printfa.o(i._fp_digits) for _fp_digits
    printfa.o(i._printf_core) refers to uidiv.o(.text) for __aeabi_uidivmod
    printfa.o(i._printf_post_padding) refers (Special) to iusefp.o(.text) for __I$use$fp
    printfa.o(i._printf_pre_padding) refers (Special) to iusefp.o(.text) for __I$use$fp
    printfa.o(i._snputc) refers (Special) to iusefp.o(.text) for __I$use$fp
    printfa.o(i._sputc) refers (Special) to iusefp.o(.text) for __I$use$fp
    malloc.o(i.free) refers to mvars.o(.data) for __microlib_freelist
    malloc.o(i.malloc) refers to mvars.o(.data) for __microlib_freelist_initialised
    malloc.o(i.malloc) refers to mvars.o(.data) for __microlib_freelist
    malloc.o(i.malloc) refers to startup_stm32f4xx.o(HEAP) for __heap_base
    mallocr.o(i.__free$realloc) refers to mvars.o(.data) for __microlib_freelist
    mallocr.o(i.__malloc$realloc) refers to mallocr.o(i.internal_alloc) for internal_alloc
    mallocr.o(i.__malloc$realloc) refers to mvars.o(.data) for __microlib_freelist_initialised
    mallocr.o(i.__malloc$realloc) refers to startup_stm32f4xx.o(HEAP) for __heap_base
    mallocr.o(i.__malloc$realloc) refers to mvars.o(.data) for __microlib_freelist
    mallocr.o(i.internal_alloc) refers to memcpya.o(.text) for __aeabi_memcpy
    mallocr.o(i.internal_alloc) refers to mvars.o(.data) for __microlib_freelist
    mallocr.o(i.realloc) refers to mallocr.o(i.__free$realloc) for __free$realloc
    mallocr.o(i.realloc) refers to mallocr.o(i.internal_alloc) for internal_alloc
    mallocr.o(i.realloc) refers to mallocr.o(i.__malloc$realloc) for __malloc$realloc
    mallocr.o(i.realloc) refers to mvars.o(.data) for __microlib_freelist
    malloca.o(i.__aligned_malloc) refers to mvars.o(.data) for __microlib_freelist_initialised
    malloca.o(i.__aligned_malloc) refers to mvars.o(.data) for __microlib_freelist
    malloca.o(i.__aligned_malloc) refers to startup_stm32f4xx.o(HEAP) for __heap_base
    malloca.o(i.__free$memalign) refers to mvars.o(.data) for __microlib_freelist
    malloca.o(i.__malloc$memalign) refers to malloca.o(i.__aligned_malloc) for __aligned_malloc
    mallocra.o(i.__aligned_malloc$realloc) refers to mallocra.o(i.internal_alloc) for internal_alloc
    mallocra.o(i.__aligned_malloc$realloc) refers to mvars.o(.data) for __microlib_freelist_initialised
    mallocra.o(i.__aligned_malloc$realloc) refers to startup_stm32f4xx.o(HEAP) for __heap_base
    mallocra.o(i.__aligned_malloc$realloc) refers to mvars.o(.data) for __microlib_freelist
    mallocra.o(i.__free$realloc$memalign) refers to mvars.o(.data) for __microlib_freelist
    mallocra.o(i.__malloc$realloc$memalign) refers to mallocra.o(i.__aligned_malloc$realloc) for __aligned_malloc$realloc
    mallocra.o(i.__realloc$memalign) refers to mallocra.o(i.__free$realloc$memalign) for __free$realloc$memalign
    mallocra.o(i.__realloc$memalign) refers to mallocra.o(i.internal_alloc) for internal_alloc
    mallocra.o(i.__realloc$memalign) refers to mallocra.o(i.__malloc$realloc$memalign) for __malloc$realloc$memalign
    mallocra.o(i.__realloc$memalign) refers to mvars.o(.data) for __microlib_freelist
    mallocra.o(i.internal_alloc) refers to memcpya.o(.text) for __aeabi_memcpy
    mallocra.o(i.internal_alloc) refers to mvars.o(.data) for __microlib_freelist
    calloc.o(.text) refers to malloc.o(i.malloc) for malloc
    entry2.o(.ARM.Collect$$$$00000001) refers to entry2.o(.ARM.Collect$$$$00002712) for __lit__00000000
    entry2.o(.ARM.Collect$$$$00002712) refers to startup_stm32f4xx.o(STACK) for __initial_sp
    entry2.o(__vectab_stack_and_reset_area) refers to startup_stm32f4xx.o(STACK) for __initial_sp
    entry2.o(__vectab_stack_and_reset_area) refers to entry.o(.ARM.Collect$$$$00000000) for __main
    entry5.o(.ARM.Collect$$$$00000004) refers to init.o(.text) for __scatterload
    entry9a.o(.ARM.Collect$$$$0000000B) refers to main.o(.text) for main
    entry9b.o(.ARM.Collect$$$$0000000C) refers to main.o(.text) for main
    fputc.o(i.fputc) refers (Special) to iusesemip.o(.text) for __I$use$semihosting$fputc
    fputc.o(i.fputc) refers (Special) to semi.o(.text) for __semihosting_library_function
    uldiv.o(.text) refers to llushr.o(.text) for __aeabi_llsr
    uldiv.o(.text) refers to llshl.o(.text) for __aeabi_llsl
    dadd.o(.text) refers to llshl.o(.text) for __aeabi_llsl
    dadd.o(.text) refers to llsshr.o(.text) for __aeabi_lasr
    dadd.o(.text) refers to depilogue.o(.text) for _double_epilogue
    dmul.o(.text) refers to depilogue.o(.text) for _double_epilogue
    ddiv.o(.text) refers to depilogue.o(.text) for _double_round
    dfixul.o(.text) refers to llushr.o(.text) for __aeabi_llsr
    dfixul.o(.text) refers to llshl.o(.text) for __aeabi_llsl
    init.o(.text) refers to entry5.o(.ARM.Collect$$$$00000004) for __main_after_scatterload
    depilogue.o(.text) refers to llshl.o(.text) for __aeabi_llsl
    depilogue.o(.text) refers to llushr.o(.text) for __aeabi_llsr


==============================================================================

Removing Unused input sections from the image.

    Removing system_stm32f4xx.o(.emb_text), (8 bytes).
    Removing misc.o(.emb_text), (8 bytes).
    Removing stm32f4xx_exti.o(.emb_text), (8 bytes).
    Removing stm32f4xx_gpio.o(.emb_text), (8 bytes).
    Removing stm32f4xx_rcc.o(.emb_text), (8 bytes).
    Removing stm32f4xx_spi.o(.emb_text), (8 bytes).
    Removing stm32f4xx_spi.o(.text), (1012 bytes).
    Removing stm32f4xx_syscfg.o(.emb_text), (8 bytes).
    Removing stm32f4xx_usart.o(.emb_text), (8 bytes).
    Removing gpio.o(.emb_text), (8 bytes).
    Removing led.o(.emb_text), (8 bytes).
    Removing main.o(.emb_text), (8 bytes).
    Removing spi.o(.emb_text), (8 bytes).
    Removing spi.o(.text), (576 bytes).
    Removing string_manipulator.o(.emb_text), (8 bytes).
    Removing system.o(.emb_text), (8 bytes).
    Removing uart.o(.emb_text), (8 bytes).
    Removing queue.o(.emb_text), (8 bytes).
    Removing array.o(.emb_text), (8 bytes).
    Removing cmd.o(.emb_text), (8 bytes).
    Removing hotkey.o(.emb_text), (8 bytes).
    Removing stm32f4_discovery.o(.emb_text), (8 bytes).
    Removing expr_eval.o(.emb_text), (8 bytes).
    Removing expr_eval.o(.constdata), (12 bytes).
    Removing dadd.o(.text), (334 bytes).
    Removing dmul.o(.text), (228 bytes).
    Removing ddiv.o(.text), (222 bytes).
    Removing dfixul.o(.text), (48 bytes).
    Removing cdrcmple.o(.text), (40 bytes).
    Removing depilogue.o(.text), (190 bytes).

30 unused section(s) (total 2830 bytes) removed from the image.

==============================================================================

Image Symbol Table

    Local Symbols

    Symbol Name                              Value     Ov Type        Size  Object(Section)

    ../clib/microlib/ctype/tolower.c         0x00000000   Number         0  tolower.o ABSOLUTE
    ../clib/microlib/division.c              0x00000000   Number         0  uidiv.o ABSOLUTE
    ../clib/microlib/division.c              0x00000000   Number         0  uldiv.o ABSOLUTE
    ../clib/microlib/init/entry.s            0x00000000   Number         0  entry10b.o ABSOLUTE
    ../clib/microlib/init/entry.s            0x00000000   Number         0  entry.o ABSOLUTE
    ../clib/microlib/init/entry.s            0x00000000   Number         0  entry7a.o ABSOLUTE
    ../clib/microlib/init/entry.s            0x00000000   Number         0  entry11b.o ABSOLUTE
    ../clib/microlib/init/entry.s            0x00000000   Number         0  entry10a.o ABSOLUTE
    ../clib/microlib/init/entry.s            0x00000000   Number         0  entry9b.o ABSOLUTE
    ../clib/microlib/init/entry.s            0x00000000   Number         0  entry7b.o ABSOLUTE
    ../clib/microlib/init/entry.s            0x00000000   Number         0  entry9a.o ABSOLUTE
    ../clib/microlib/init/entry.s            0x00000000   Number         0  entry8b.o ABSOLUTE
    ../clib/microlib/init/entry.s            0x00000000   Number         0  entry2.o ABSOLUTE
    ../clib/microlib/init/entry.s            0x00000000   Number         0  entry8a.o ABSOLUTE
    ../clib/microlib/init/entry.s            0x00000000   Number         0  entry11a.o ABSOLUTE
    ../clib/microlib/init/entry.s            0x00000000   Number         0  entry5.o ABSOLUTE
    ../clib/microlib/longlong.c              0x00000000   Number         0  llsshr.o ABSOLUTE
    ../clib/microlib/longlong.c              0x00000000   Number         0  llshl.o ABSOLUTE
    ../clib/microlib/longlong.c              0x00000000   Number         0  llushr.o ABSOLUTE
    ../clib/microlib/malloc/calloc.c         0x00000000   Number         0  calloc.o ABSOLUTE
    ../clib/microlib/malloc/malloc.c         0x00000000   Number         0  mallocra.o ABSOLUTE
    ../clib/microlib/malloc/malloc.c         0x00000000   Number         0  malloca.o ABSOLUTE
    ../clib/microlib/malloc/malloc.c         0x00000000   Number         0  malloc.o ABSOLUTE
    ../clib/microlib/malloc/malloc.c         0x00000000   Number         0  mallocr.o ABSOLUTE
    ../clib/microlib/malloc/mvars.c          0x00000000   Number         0  mvars.o ABSOLUTE
    ../clib/microlib/printf/printf.c         0x00000000   Number         0  printf4.o ABSOLUTE
    ../clib/microlib/printf/printf.c         0x00000000   Number         0  printf2.o ABSOLUTE
    ../clib/microlib/printf/printf.c         0x00000000   Number         0  printf3.o ABSOLUTE
    ../clib/microlib/printf/printf.c         0x00000000   Number         0  printf1.o ABSOLUTE
    ../clib/microlib/printf/printf.c         0x00000000   Number         0  printfb.o ABSOLUTE
    ../clib/microlib/printf/printf.c         0x00000000   Number         0  printf0.o ABSOLUTE
    ../clib/microlib/printf/printf.c         0x00000000   Number         0  printf5.o ABSOLUTE
    ../clib/microlib/printf/printf.c         0x00000000   Number         0  printf6.o ABSOLUTE
    ../clib/microlib/printf/printf.c         0x00000000   Number         0  printf7.o ABSOLUTE
    ../clib/microlib/printf/printf.c         0x00000000   Number         0  printf8.o ABSOLUTE
    ../clib/microlib/printf/printf.c         0x00000000   Number         0  printfa.o ABSOLUTE
    ../clib/microlib/printf/stubs.s          0x00000000   Number         0  stubs.o ABSOLUTE
    ../clib/microlib/stdio/fputc.c           0x00000000   Number         0  fputc.o ABSOLUTE
    ../clib/microlib/stdio/semi.s            0x00000000   Number         0  semi.o ABSOLUTE
    ../clib/microlib/stdio/streams.c         0x00000000   Number         0  stdout.o ABSOLUTE
    ../clib/microlib/string/memcpy.c         0x00000000   Number         0  memcpyb.o ABSOLUTE
    ../clib/microlib/string/memcpy.c         0x00000000   Number         0  memcpya.o ABSOLUTE
    ../clib/microlib/string/memset.c         0x00000000   Number         0  memseta.o ABSOLUTE
    ../clib/microlib/string/strcasecmp.c     0x00000000   Number         0  strcasecmp.o ABSOLUTE
    ../clib/microlib/string/strcat.c         0x00000000   Number         0  strcat.o ABSOLUTE
    ../clib/microlib/string/strlen.c         0x00000000   Number         0  strlen.o ABSOLUTE
    ../clib/microlib/string/strstr.c         0x00000000   Number         0  strstr.o ABSOLUTE
    ../clib/microlib/string/strtok.c         0x00000000   Number         0  strtok.o ABSOLUTE
    ../clib/microlib/string/strtok.c         0x00000000   Number         0  strtok_r.o ABSOLUTE
    ../clib/microlib/stubs.s                 0x00000000   Number         0  iusefp.o ABSOLUTE
    ../clib/microlib/stubs.s                 0x00000000   Number         0  iusesemip.o ABSOLUTE
    ../fplib/microlib/fpadd.c                0x00000000   Number         0  dadd.o ABSOLUTE
    ../fplib/microlib/fpdiv.c                0x00000000   Number         0  ddiv.o ABSOLUTE
    ../fplib/microlib/fpepilogue.c           0x00000000   Number         0  depilogue.o ABSOLUTE
    ../fplib/microlib/fpfix.c                0x00000000   Number         0  dfixul.o ABSOLUTE
    ../fplib/microlib/fpmul.c                0x00000000   Number         0  dmul.o ABSOLUTE
    CMSIS\\system_stm32f4xx.c                0x00000000   Number         0  system_stm32f4xx.o ABSOLUTE
    CMSIS\system_stm32f4xx.c                 0x00000000   Number         0  system_stm32f4xx.o ABSOLUTE
    Peripheral\\misc.c                       0x00000000   Number         0  misc.o ABSOLUTE
    Peripheral\\stm32f4xx_exti.c             0x00000000   Number         0  stm32f4xx_exti.o ABSOLUTE
    Peripheral\\stm32f4xx_gpio.c             0x00000000   Number         0  stm32f4xx_gpio.o ABSOLUTE
    Peripheral\\stm32f4xx_rcc.c              0x00000000   Number         0  stm32f4xx_rcc.o ABSOLUTE
    Peripheral\\stm32f4xx_spi.c              0x00000000   Number         0  stm32f4xx_spi.o ABSOLUTE
    Peripheral\\stm32f4xx_syscfg.c           0x00000000   Number         0  stm32f4xx_syscfg.o ABSOLUTE
    Peripheral\\stm32f4xx_usart.c            0x00000000   Number         0  stm32f4xx_usart.o ABSOLUTE
    Peripheral\misc.c                        0x00000000   Number         0  misc.o ABSOLUTE
    Peripheral\stm32f4xx_exti.c              0x00000000   Number         0  stm32f4xx_exti.o ABSOLUTE
    Peripheral\stm32f4xx_gpio.c              0x00000000   Number         0  stm32f4xx_gpio.o ABSOLUTE
    Peripheral\stm32f4xx_rcc.c               0x00000000   Number         0  stm32f4xx_rcc.o ABSOLUTE
    Peripheral\stm32f4xx_spi.c               0x00000000   Number         0  stm32f4xx_spi.o ABSOLUTE
    Peripheral\stm32f4xx_syscfg.c            0x00000000   Number         0  stm32f4xx_syscfg.o ABSOLUTE
    Peripheral\stm32f4xx_usart.c             0x00000000   Number         0  stm32f4xx_usart.o ABSOLUTE
    Reference\\expr_eval.c                   0x00000000   Number         0  expr_eval.o ABSOLUTE
    Reference\expr_eval.c                    0x00000000   Number         0  expr_eval.o ABSOLUTE
    Source\\array.c                          0x00000000   Number         0  array.o ABSOLUTE
    Source\\cmd.c                            0x00000000   Number         0  cmd.o ABSOLUTE
    Source\\gpio.c                           0x00000000   Number         0  gpio.o ABSOLUTE
    Source\\hotkey.c                         0x00000000   Number         0  hotkey.o ABSOLUTE
    Source\\led.c                            0x00000000   Number         0  led.o ABSOLUTE
    Source\\main.c                           0x00000000   Number         0  main.o ABSOLUTE
    Source\\queue.c                          0x00000000   Number         0  queue.o ABSOLUTE
    Source\\spi.c                            0x00000000   Number         0  spi.o ABSOLUTE
    Source\\string_manipulator.c             0x00000000   Number         0  string_manipulator.o ABSOLUTE
    Source\\system.c                         0x00000000   Number         0  system.o ABSOLUTE
    Source\\uart.c                           0x00000000   Number         0  uart.o ABSOLUTE
    Source\array.c                           0x00000000   Number         0  array.o ABSOLUTE
    Source\cmd.c                             0x00000000   Number         0  cmd.o ABSOLUTE
    Source\gpio.c                            0x00000000   Number         0  gpio.o ABSOLUTE
    Source\hotkey.c                          0x00000000   Number         0  hotkey.o ABSOLUTE
    Source\led.c                             0x00000000   Number         0  led.o ABSOLUTE
    Source\main.c                            0x00000000   Number         0  main.o ABSOLUTE
    Source\queue.c                           0x00000000   Number         0  queue.o ABSOLUTE
    Source\spi.c                             0x00000000   Number         0  spi.o ABSOLUTE
    Source\string_manipulator.c              0x00000000   Number         0  string_manipulator.o ABSOLUTE
    Source\system.c                          0x00000000   Number         0  system.o ABSOLUTE
    Source\uart.c                            0x00000000   Number         0  uart.o ABSOLUTE
    Startup\startup_stm32f4xx.s              0x00000000   Number         0  startup_stm32f4xx.o ABSOLUTE
    Ultility\\stm32f4_discovery.c            0x00000000   Number         0  stm32f4_discovery.o ABSOLUTE
    Ultility\stm32f4_discovery.c             0x00000000   Number         0  stm32f4_discovery.o ABSOLUTE
    cdrcmple.s                               0x00000000   Number         0  cdrcmple.o ABSOLUTE
    dc.s                                     0x00000000   Number         0  dc.o ABSOLUTE
    handlers.s                               0x00000000   Number         0  handlers.o ABSOLUTE
    init.s                                   0x00000000   Number         0  init.o ABSOLUTE
    RESET                                    0x08000000   Section      392  startup_stm32f4xx.o(RESET)
    .ARM.Collect$$$$00000000                 0x08000188   Section        0  entry.o(.ARM.Collect$$$$00000000)
    .ARM.Collect$$$$00000001                 0x08000188   Section        4  entry2.o(.ARM.Collect$$$$00000001)
    .ARM.Collect$$$$00000004                 0x0800018c   Section        4  entry5.o(.ARM.Collect$$$$00000004)
    .ARM.Collect$$$$00000008                 0x08000190   Section        0  entry7b.o(.ARM.Collect$$$$00000008)
    .ARM.Collect$$$$0000000A                 0x08000190   Section        0  entry8b.o(.ARM.Collect$$$$0000000A)
    .ARM.Collect$$$$0000000B                 0x08000190   Section        8  entry9a.o(.ARM.Collect$$$$0000000B)
    .ARM.Collect$$$$0000000D                 0x08000198   Section        0  entry10a.o(.ARM.Collect$$$$0000000D)
    .ARM.Collect$$$$0000000F                 0x08000198   Section        0  entry11a.o(.ARM.Collect$$$$0000000F)
    .ARM.Collect$$$$00002712                 0x08000198   Section        4  entry2.o(.ARM.Collect$$$$00002712)
    __lit__00000000                          0x08000198   Data           4  entry2.o(.ARM.Collect$$$$00002712)
    .text                                    0x0800019c   Section        0  system_stm32f4xx.o(.text)
    SetSysClock                              0x0800019d   Thumb Code   218  system_stm32f4xx.o(.text)
    .text                                    0x080003a8   Section        0  misc.o(.text)
    .text                                    0x0800048c   Section        0  stm32f4xx_exti.o(.text)
    .text                                    0x080005a8   Section        0  stm32f4xx_gpio.o(.text)
    .text                                    0x08000804   Section        0  stm32f4xx_rcc.o(.text)
    .text                                    0x08000d8c   Section        0  stm32f4xx_syscfg.o(.text)
    .text                                    0x08000e18   Section        0  stm32f4xx_usart.o(.text)
    .text                                    0x08001234   Section        0  gpio.o(.text)
    .text                                    0x08001444   Section        0  led.o(.text)
    .text                                    0x080015e4   Section        0  main.o(.text)
    .text                                    0x08001edc   Section        0  string_manipulator.o(.text)
    .text                                    0x08001f68   Section        0  system.o(.text)
    .text                                    0x08001fe8   Section        0  uart.o(.text)
    .text                                    0x080022e8   Section        0  queue.o(.text)
    .text                                    0x080024f0   Section        0  array.o(.text)
    .text                                    0x08002520   Section        0  cmd.o(.text)
    .text                                    0x08002572   Section        0  hotkey.o(.text)
    .text                                    0x0800258c   Section       36  startup_stm32f4xx.o(.text)
    $v0                                      0x0800258c   Number         0  startup_stm32f4xx.o(.text)
    .text                                    0x080025b0   Section        0  stm32f4_discovery.o(.text)
    .text                                    0x080026f4   Section        0  expr_eval.o(.text)
    .text                                    0x08002b76   Section        0  memcpya.o(.text)
    .text                                    0x08002b9a   Section        0  memseta.o(.text)
    .text                                    0x08002bbe   Section        0  strcat.o(.text)
    .text                                    0x08002bd6   Section        0  strstr.o(.text)
    .text                                    0x08002bfa   Section        0  strlen.o(.text)
    .text                                    0x08002c08   Section        0  strtok.o(.text)
    .text                                    0x08002c4c   Section        0  strcasecmp.o(.text)
    .text                                    0x08002c76   Section        0  calloc.o(.text)
    .text                                    0x08002c92   Section        0  uidiv.o(.text)
    .text                                    0x08002cbe   Section        0  tolower.o(.text)
    .text                                    0x08002ccc   Section       36  init.o(.text)
    i.__0sprintf$1                           0x08002cf0   Section        0  printf1.o(i.__0sprintf$1)
    i.__scatterload_copy                     0x08002d18   Section       14  handlers.o(i.__scatterload_copy)
    i.__scatterload_null                     0x08002d26   Section        2  handlers.o(i.__scatterload_null)
    i.__scatterload_zeroinit                 0x08002d28   Section       14  handlers.o(i.__scatterload_zeroinit)
    i._printf_core                           0x08002d38   Section        0  printf1.o(i._printf_core)
    _printf_core                             0x08002d39   Thumb Code   334  printf1.o(i._printf_core)
    i._sputc                                 0x08002e8c   Section        0  printf1.o(i._sputc)
    _sputc                                   0x08002e8d   Thumb Code    10  printf1.o(i._sputc)
    i.free                                   0x08002e98   Section        0  malloc.o(i.free)
    i.malloc                                 0x08002ee8   Section        0  malloc.o(i.malloc)
    .constdata                               0x08002f54   Section       37  stm32f4_discovery.o(.constdata)
    .conststring                             0x08002f79   Section      327  main.o(.conststring)
    .data                                    0x20000000   Section       20  system_stm32f4xx.o(.data)
    .data                                    0x20000014   Section       16  stm32f4xx_rcc.o(.data)
    APBAHBPrescTable                         0x20000014   Data          16  stm32f4xx_rcc.o(.data)
    .data                                    0x20000024   Section      160  main.o(.data)
    .data                                    0x200000c4   Section        4  system.o(.data)
    .data                                    0x200000c8   Section       24  stm32f4_discovery.o(.data)
    .data                                    0x200000e0   Section       12  expr_eval.o(.data)
    .data                                    0x200000ec   Section        4  strtok.o(.data)
    state                                    0x200000ec   Data           4  strtok.o(.data)
    .data                                    0x200000f0   Section        4  mvars.o(.data)
    .data                                    0x200000f4   Section        4  mvars.o(.data)
    .bss                                     0x200000f8   Section      196  main.o(.bss)
    .bss                                     0x200001bc   Section      160  expr_eval.o(.bss)
    HEAP                                     0x20000260   Section    10240  startup_stm32f4xx.o(HEAP)
    STACK                                    0x20002a60   Section     1024  startup_stm32f4xx.o(STACK)

    Global Symbols

    Symbol Name                              Value     Ov Type        Size  Object(Section)

    BuildAttributes$$THM_ISAv4$E$P$D$K$B$S$7EM$VFPi3$EXTD16$VFPS$VFMA$PE$A:L22UL41UL21$X:L11$S22US41US21$IEEE1$IW$USESV6$~STKCKD$USESV7$~SHL$OSPACE$ROPI$EBA8$MICROLIB$REQ8$PRES8$EABIv2 0x00000000   Number         0  anon$$obj.o ABSOLUTE
    __ARM_use_no_argv                        0x00000000   Number         0  main.o ABSOLUTE
    _printf_a                                0x00000000   Number         0  stubs.o ABSOLUTE
    _printf_c                                0x00000000   Number         0  stubs.o ABSOLUTE
    _printf_charcount                        0x00000000   Number         0  stubs.o ABSOLUTE
    _printf_d                                0x00000000   Number         0  stubs.o ABSOLUTE
    _printf_e                                0x00000000   Number         0  stubs.o ABSOLUTE
    _printf_f                                0x00000000   Number         0  stubs.o ABSOLUTE
    _printf_flags                            0x00000000   Number         0  stubs.o ABSOLUTE
    _printf_fp_dec                           0x00000000   Number         0  stubs.o ABSOLUTE
    _printf_fp_hex                           0x00000000   Number         0  stubs.o ABSOLUTE
    _printf_g                                0x00000000   Number         0  stubs.o ABSOLUTE
    _printf_i                                0x00000000   Number         0  stubs.o ABSOLUTE
    _printf_int_dec                          0x00000000   Number         0  stubs.o ABSOLUTE
    _printf_l                                0x00000000   Number         0  stubs.o ABSOLUTE
    _printf_lc                               0x00000000   Number         0  stubs.o ABSOLUTE
    _printf_ll                               0x00000000   Number         0  stubs.o ABSOLUTE
    _printf_lld                              0x00000000   Number         0  stubs.o ABSOLUTE
    _printf_lli                              0x00000000   Number         0  stubs.o ABSOLUTE
    _printf_llo                              0x00000000   Number         0  stubs.o ABSOLUTE
    _printf_llu                              0x00000000   Number         0  stubs.o ABSOLUTE
    _printf_llx                              0x00000000   Number         0  stubs.o ABSOLUTE
    _printf_longlong_dec                     0x00000000   Number         0  stubs.o ABSOLUTE
    _printf_longlong_hex                     0x00000000   Number         0  stubs.o ABSOLUTE
    _printf_longlong_oct                     0x00000000   Number         0  stubs.o ABSOLUTE
    _printf_ls                               0x00000000   Number         0  stubs.o ABSOLUTE
    _printf_mbtowc                           0x00000000   Number         0  stubs.o ABSOLUTE
    _printf_n                                0x00000000   Number         0  stubs.o ABSOLUTE
    _printf_o                                0x00000000   Number         0  stubs.o ABSOLUTE
    _printf_p                                0x00000000   Number         0  stubs.o ABSOLUTE
    _printf_percent                          0x00000000   Number         0  stubs.o ABSOLUTE
    _printf_pre_padding                      0x00000000   Number         0  stubs.o ABSOLUTE
    _printf_return_value                     0x00000000   Number         0  stubs.o ABSOLUTE
    _printf_s                                0x00000000   Number         0  stubs.o ABSOLUTE
    _printf_sizespec                         0x00000000   Number         0  stubs.o ABSOLUTE
    _printf_str                              0x00000000   Number         0  stubs.o ABSOLUTE
    _printf_truncate_signed                  0x00000000   Number         0  stubs.o ABSOLUTE
    _printf_truncate_unsigned                0x00000000   Number         0  stubs.o ABSOLUTE
    _printf_u                                0x00000000   Number         0  stubs.o ABSOLUTE
    _printf_wc                               0x00000000   Number         0  stubs.o ABSOLUTE
    _printf_wctomb                           0x00000000   Number         0  stubs.o ABSOLUTE
    _printf_widthprec                        0x00000000   Number         0  stubs.o ABSOLUTE
    _printf_x                                0x00000000   Number         0  stubs.o ABSOLUTE
    __cpp_initialize__aeabi_                  - Undefined Weak Reference
    __cxa_finalize                            - Undefined Weak Reference
    __decompress                              - Undefined Weak Reference
    _clock_init                               - Undefined Weak Reference
    _microlib_exit                            - Undefined Weak Reference
    __Vectors_Size                           0x00000188   Number         0  startup_stm32f4xx.o ABSOLUTE
    __Vectors                                0x08000000   Data           4  startup_stm32f4xx.o(RESET)
    __Vectors_End                            0x08000188   Data           0  startup_stm32f4xx.o(RESET)
    __main                                   0x08000189   Thumb Code     0  entry.o(.ARM.Collect$$$$00000000)
    _main_stk                                0x08000189   Thumb Code     0  entry2.o(.ARM.Collect$$$$00000001)
    _main_scatterload                        0x0800018d   Thumb Code     0  entry5.o(.ARM.Collect$$$$00000004)
    __main_after_scatterload                 0x08000191   Thumb Code     0  entry5.o(.ARM.Collect$$$$00000004)
    _main_clock                              0x08000191   Thumb Code     0  entry7b.o(.ARM.Collect$$$$00000008)
    _main_cpp_init                           0x08000191   Thumb Code     0  entry8b.o(.ARM.Collect$$$$0000000A)
    _main_init                               0x08000191   Thumb Code     0  entry9a.o(.ARM.Collect$$$$0000000B)
    __rt_final_cpp                           0x08000199   Thumb Code     0  entry10a.o(.ARM.Collect$$$$0000000D)
    __rt_final_exit                          0x08000199   Thumb Code     0  entry11a.o(.ARM.Collect$$$$0000000F)
    SystemInit                               0x08000277   Thumb Code    88  system_stm32f4xx.o(.text)
    SystemCoreClockUpdate                    0x080002cf   Thumb Code   174  system_stm32f4xx.o(.text)
    NVIC_PriorityGroupConfig                 0x080003a9   Thumb Code    10  misc.o(.text)
    NVIC_Init                                0x080003b3   Thumb Code   108  misc.o(.text)
    NVIC_SetVectorTable                      0x0800041f   Thumb Code    14  misc.o(.text)
    NVIC_SystemLPConfig                      0x0800042d   Thumb Code    34  misc.o(.text)
    SysTick_CLKSourceConfig                  0x0800044f   Thumb Code    40  misc.o(.text)
    EXTI_DeInit                              0x0800048d   Thumb Code    28  stm32f4xx_exti.o(.text)
    EXTI_Init                                0x080004a9   Thumb Code   142  stm32f4xx_exti.o(.text)
    EXTI_StructInit                          0x08000537   Thumb Code    16  stm32f4xx_exti.o(.text)
    EXTI_GenerateSWInterrupt                 0x08000547   Thumb Code    16  stm32f4xx_exti.o(.text)
    EXTI_GetFlagStatus                       0x08000557   Thumb Code    22  stm32f4xx_exti.o(.text)
    EXTI_ClearFlag                           0x0800056d   Thumb Code     8  stm32f4xx_exti.o(.text)
    EXTI_GetITStatus                         0x08000575   Thumb Code    34  stm32f4xx_exti.o(.text)
    EXTI_ClearITPendingBit                   0x08000597   Thumb Code     8  stm32f4xx_exti.o(.text)
    GPIO_DeInit                              0x080005a9   Thumb Code   220  stm32f4xx_gpio.o(.text)
    GPIO_Init                                0x08000685   Thumb Code   144  stm32f4xx_gpio.o(.text)
    GPIO_StructInit                          0x08000715   Thumb Code    18  stm32f4xx_gpio.o(.text)
    GPIO_PinLockConfig                       0x08000727   Thumb Code    34  stm32f4xx_gpio.o(.text)
    GPIO_ReadInputDataBit                    0x08000749   Thumb Code    18  stm32f4xx_gpio.o(.text)
    GPIO_ReadInputData                       0x0800075b   Thumb Code     8  stm32f4xx_gpio.o(.text)
    GPIO_ReadOutputDataBit                   0x08000763   Thumb Code    18  stm32f4xx_gpio.o(.text)
    GPIO_ReadOutputData                      0x08000775   Thumb Code     8  stm32f4xx_gpio.o(.text)
    GPIO_SetBits                             0x0800077d   Thumb Code     4  stm32f4xx_gpio.o(.text)
    GPIO_ResetBits                           0x08000781   Thumb Code     4  stm32f4xx_gpio.o(.text)
    GPIO_WriteBit                            0x08000785   Thumb Code    10  stm32f4xx_gpio.o(.text)
    GPIO_Write                               0x0800078f   Thumb Code     4  stm32f4xx_gpio.o(.text)
    GPIO_ToggleBits                          0x08000793   Thumb Code     8  stm32f4xx_gpio.o(.text)
    GPIO_PinAFConfig                         0x0800079b   Thumb Code    70  stm32f4xx_gpio.o(.text)
    RCC_DeInit                               0x08000805   Thumb Code    60  stm32f4xx_rcc.o(.text)
    RCC_HSEConfig                            0x08000841   Thumb Code    14  stm32f4xx_rcc.o(.text)
    RCC_GetFlagStatus                        0x0800084f   Thumb Code    60  stm32f4xx_rcc.o(.text)
    RCC_WaitForHSEStartUp                    0x0800088b   Thumb Code    56  stm32f4xx_rcc.o(.text)
    RCC_AdjustHSICalibrationValue            0x080008c3   Thumb Code    20  stm32f4xx_rcc.o(.text)
    RCC_HSICmd                               0x080008d7   Thumb Code     6  stm32f4xx_rcc.o(.text)
    RCC_LSEConfig                            0x080008dd   Thumb Code    46  stm32f4xx_rcc.o(.text)
    RCC_LSICmd                               0x0800090b   Thumb Code     6  stm32f4xx_rcc.o(.text)
    RCC_PLLConfig                            0x08000911   Thumb Code    32  stm32f4xx_rcc.o(.text)
    RCC_PLLCmd                               0x08000931   Thumb Code     6  stm32f4xx_rcc.o(.text)
    RCC_PLLI2SConfig                         0x08000937   Thumb Code    14  stm32f4xx_rcc.o(.text)
    RCC_PLLI2SCmd                            0x08000945   Thumb Code     6  stm32f4xx_rcc.o(.text)
    RCC_ClockSecuritySystemCmd               0x0800094b   Thumb Code     6  stm32f4xx_rcc.o(.text)
    RCC_MCO1Config                           0x08000951   Thumb Code    28  stm32f4xx_rcc.o(.text)
    RCC_MCO2Config                           0x0800096d   Thumb Code    28  stm32f4xx_rcc.o(.text)
    RCC_SYSCLKConfig                         0x08000989   Thumb Code    20  stm32f4xx_rcc.o(.text)
    RCC_GetSYSCLKSource                      0x0800099d   Thumb Code    12  stm32f4xx_rcc.o(.text)
    RCC_HCLKConfig                           0x080009a9   Thumb Code    20  stm32f4xx_rcc.o(.text)
    RCC_PCLK1Config                          0x080009bd   Thumb Code    20  stm32f4xx_rcc.o(.text)
    RCC_PCLK2Config                          0x080009d1   Thumb Code    22  stm32f4xx_rcc.o(.text)
    RCC_GetClocksFreq                        0x080009e7   Thumb Code   222  stm32f4xx_rcc.o(.text)
    RCC_RTCCLKConfig                         0x08000ac5   Thumb Code    54  stm32f4xx_rcc.o(.text)
    RCC_RTCCLKCmd                            0x08000afb   Thumb Code     8  stm32f4xx_rcc.o(.text)
    RCC_BackupResetCmd                       0x08000b03   Thumb Code     8  stm32f4xx_rcc.o(.text)
    RCC_I2SCLKConfig                         0x08000b0b   Thumb Code     6  stm32f4xx_rcc.o(.text)
    RCC_AHB1PeriphClockCmd                   0x08000b11   Thumb Code    34  stm32f4xx_rcc.o(.text)
    RCC_AHB2PeriphClockCmd                   0x08000b33   Thumb Code    34  stm32f4xx_rcc.o(.text)
    RCC_AHB3PeriphClockCmd                   0x08000b55   Thumb Code    34  stm32f4xx_rcc.o(.text)
    RCC_APB1PeriphClockCmd                   0x08000b77   Thumb Code    34  stm32f4xx_rcc.o(.text)
    RCC_APB2PeriphClockCmd                   0x08000b99   Thumb Code    34  stm32f4xx_rcc.o(.text)
    RCC_AHB1PeriphResetCmd                   0x08000bbb   Thumb Code    34  stm32f4xx_rcc.o(.text)
    RCC_AHB2PeriphResetCmd                   0x08000bdd   Thumb Code    72  stm32f4xx_rcc.o(.text)
    RCC_AHB3PeriphResetCmd                   0x08000c25   Thumb Code    34  stm32f4xx_rcc.o(.text)
    RCC_APB1PeriphResetCmd                   0x08000c47   Thumb Code    34  stm32f4xx_rcc.o(.text)
    RCC_APB2PeriphResetCmd                   0x08000c69   Thumb Code    34  stm32f4xx_rcc.o(.text)
    RCC_AHB1PeriphClockLPModeCmd             0x08000c8b   Thumb Code    34  stm32f4xx_rcc.o(.text)
    RCC_AHB2PeriphClockLPModeCmd             0x08000cad   Thumb Code    34  stm32f4xx_rcc.o(.text)
    RCC_AHB3PeriphClockLPModeCmd             0x08000ccf   Thumb Code    34  stm32f4xx_rcc.o(.text)
    RCC_APB1PeriphClockLPModeCmd             0x08000cf1   Thumb Code    34  stm32f4xx_rcc.o(.text)
    RCC_APB2PeriphClockLPModeCmd             0x08000d13   Thumb Code    34  stm32f4xx_rcc.o(.text)
    RCC_ITConfig                             0x08000d35   Thumb Code    34  stm32f4xx_rcc.o(.text)
    RCC_ClearFlag                            0x08000d57   Thumb Code    18  stm32f4xx_rcc.o(.text)
    RCC_GetITStatus                          0x08000d69   Thumb Code    22  stm32f4xx_rcc.o(.text)
    RCC_ClearITPendingBit                    0x08000d7f   Thumb Code     8  stm32f4xx_rcc.o(.text)
    SYSCFG_DeInit                            0x08000d8d   Thumb Code    22  stm32f4xx_syscfg.o(.text)
    SYSCFG_MemoryRemapConfig                 0x08000da3   Thumb Code     6  stm32f4xx_syscfg.o(.text)
    SYSCFG_EXTILineConfig                    0x08000da9   Thumb Code    66  stm32f4xx_syscfg.o(.text)
    SYSCFG_ETH_MediaInterfaceConfig          0x08000deb   Thumb Code     6  stm32f4xx_syscfg.o(.text)
    SYSCFG_CompensationCellCmd               0x08000df1   Thumb Code     6  stm32f4xx_syscfg.o(.text)
    SYSCFG_GetCompensationCellStatus         0x08000df7   Thumb Code    22  stm32f4xx_syscfg.o(.text)
    USART_DeInit                             0x08000e19   Thumb Code   156  stm32f4xx_usart.o(.text)
    USART_Init                               0x08000eb5   Thumb Code   204  stm32f4xx_usart.o(.text)
    USART_StructInit                         0x08000f81   Thumb Code    24  stm32f4xx_usart.o(.text)
    USART_ClockInit                          0x08000f99   Thumb Code    32  stm32f4xx_usart.o(.text)
    USART_ClockStructInit                    0x08000fb9   Thumb Code    12  stm32f4xx_usart.o(.text)
    USART_Cmd                                0x08000fc5   Thumb Code    24  stm32f4xx_usart.o(.text)
    USART_SetPrescaler                       0x08000fdd   Thumb Code    16  stm32f4xx_usart.o(.text)
    USART_OverSampling8Cmd                   0x08000fed   Thumb Code    22  stm32f4xx_usart.o(.text)
    USART_OneBitMethodCmd                    0x08001003   Thumb Code    24  stm32f4xx_usart.o(.text)
    USART_SendData                           0x0800101b   Thumb Code     8  stm32f4xx_usart.o(.text)
    USART_ReceiveData                        0x08001023   Thumb Code    10  stm32f4xx_usart.o(.text)
    USART_SetAddress                         0x0800102d   Thumb Code    18  stm32f4xx_usart.o(.text)
    USART_ReceiverWakeUpCmd                  0x0800103f   Thumb Code    24  stm32f4xx_usart.o(.text)
    USART_WakeUpConfig                       0x08001057   Thumb Code    18  stm32f4xx_usart.o(.text)
    USART_LINBreakDetectLengthConfig         0x08001069   Thumb Code    18  stm32f4xx_usart.o(.text)
    USART_LINCmd                             0x0800107b   Thumb Code    24  stm32f4xx_usart.o(.text)
    USART_SendBreak                          0x08001093   Thumb Code    10  stm32f4xx_usart.o(.text)
    USART_HalfDuplexCmd                      0x0800109d   Thumb Code    24  stm32f4xx_usart.o(.text)
    USART_SetGuardTime                       0x080010b5   Thumb Code    16  stm32f4xx_usart.o(.text)
    USART_SmartCardCmd                       0x080010c5   Thumb Code    24  stm32f4xx_usart.o(.text)
    USART_SmartCardNACKCmd                   0x080010dd   Thumb Code    24  stm32f4xx_usart.o(.text)
    USART_IrDAConfig                         0x080010f5   Thumb Code    18  stm32f4xx_usart.o(.text)
    USART_IrDACmd                            0x08001107   Thumb Code    24  stm32f4xx_usart.o(.text)
    USART_DMACmd                             0x0800111f   Thumb Code    18  stm32f4xx_usart.o(.text)
    USART_ITConfig                           0x08001131   Thumb Code    74  stm32f4xx_usart.o(.text)
    USART_GetFlagStatus                      0x0800117b   Thumb Code    26  stm32f4xx_usart.o(.text)
    USART_ClearFlag                          0x08001195   Thumb Code    18  stm32f4xx_usart.o(.text)
    USART_GetITStatus                        0x080011a7   Thumb Code   110  stm32f4xx_usart.o(.text)
    USART_ClearITPendingBit                  0x08001215   Thumb Code    30  stm32f4xx_usart.o(.text)
    GPIO_EnableClock                         0x08001235   Thumb Code   148  gpio.o(.text)
    GPIO_ToGPIOPinSource                     0x080012c9   Thumb Code   168  gpio.o(.text)
    GPIO_ToGPIOPin                           0x08001371   Thumb Code   114  gpio.o(.text)
    GPIO_MyInit                              0x080013e3   Thumb Code    62  gpio.o(.text)
    BoardLed_Init                            0x08001445   Thumb Code    28  led.o(.text)
    Led_Blink                                0x08001461   Thumb Code    32  led.o(.text)
    Led_Find_In_Array                        0x08001481   Thumb Code    32  led.o(.text)
    BoardLed_Blink_Clockwise                 0x080014a1   Thumb Code    68  led.o(.text)
    BoardLed_Blink_CounterClockwise          0x080014e5   Thumb Code    68  led.o(.text)
    Leds_Off                                 0x08001529   Thumb Code    26  led.o(.text)
    Leds_On                                  0x08001543   Thumb Code    26  led.o(.text)
    Leds_Blink                               0x0800155d   Thumb Code    38  led.o(.text)
    Led_GetByName                            0x08001583   Thumb Code    66  led.o(.text)
    Unknown_CreateStr                        0x080015e5   Thumb Code    38  main.o(.text)
    BasicLed_CreateStr                       0x0800160b   Thumb Code   174  main.o(.text)
    BasicLedInform_CreateStr                 0x080016b9   Thumb Code    58  main.o(.text)
    MathExpr_CreateStr                       0x080016f3   Thumb Code   100  main.o(.text)
    MathExprInform_CreateStr                 0x08001757   Thumb Code    58  main.o(.text)
    StudentInfo_CreateStr                    0x08001791   Thumb Code   180  main.o(.text)
    Menu_CreateStr                           0x08001845   Thumb Code   136  main.o(.text)
    Status_ExecuteCmd                        0x080018cd   Thumb Code   106  main.o(.text)
    CMD_IsOption3Valid                       0x08001937   Thumb Code   124  main.o(.text)
    Status_CmdCheckOption3                   0x080019b3   Thumb Code   178  main.o(.text)
    Status_CmdCheckOption31                  0x08001a65   Thumb Code    12  main.o(.text)
    Status_CmdCheckOption2                   0x08001a71   Thumb Code    74  main.o(.text)
    Status_CmdCheckOption21                  0x08001abb   Thumb Code    12  main.o(.text)
    Status_CmdCheckOption43                  0x08001ac7   Thumb Code     6  main.o(.text)
    Status_CmdCheckOption42                  0x08001acd   Thumb Code     6  main.o(.text)
    Status_CmdCheckOption41                  0x08001ad3   Thumb Code     6  main.o(.text)
    Status_CmdCheckOption5                   0x08001ad9   Thumb Code    24  main.o(.text)
    Status_CmdCheckOption4                   0x08001af1   Thumb Code    72  main.o(.text)
    Status_CmdCheckOption1                   0x08001b39   Thumb Code    24  main.o(.text)
    Status_CmdCheckMenu                      0x08001b51   Thumb Code    90  main.o(.text)
    Status_CmdCheck                          0x08001bab   Thumb Code   162  main.o(.text)
    USART_Configure                          0x08001c4d   Thumb Code   124  main.o(.text)
    main                                     0x08001cc9   Thumb Code   366  main.o(.text)
    USART3_IRQHandler                        0x08001e37   Thumb Code   104  main.o(.text)
    string_to_uint16_array                   0x08001edd   Thumb Code    70  string_manipulator.o(.text)
    uint16_array_to_string                   0x08001f23   Thumb Code    68  string_manipulator.o(.text)
    SysTick_Handler                          0x08001f69   Thumb Code    12  system.o(.text)
    Delay                                    0x08001f75   Thumb Code    18  system.o(.text)
    SysClock_Init                            0x08001f87   Thumb Code    86  system.o(.text)
    USART_IsSentComplete                     0x08001fe9   Thumb Code    14  uart.o(.text)
    USART_IsReceivedComplete                 0x08001ff7   Thumb Code    14  uart.o(.text)
    USART_MySendData                         0x08002005   Thumb Code    30  uart.o(.text)
    USART_MyReceiveData                      0x08002023   Thumb Code    32  uart.o(.text)
    USART_MySendDataStr                      0x08002043   Thumb Code    40  uart.o(.text)
    USART_MyReceiveDataStr                   0x0800206b   Thumb Code    50  uart.o(.text)
    USART_MySendStr                          0x0800209d   Thumb Code    64  uart.o(.text)
    USART_ConnectPinsToAF                    0x080020dd   Thumb Code   214  uart.o(.text)
    USART_EnableClock                        0x080021b3   Thumb Code   102  uart.o(.text)
    USART_MyInit                             0x08002219   Thumb Code    52  uart.o(.text)
    USART_FindIRQChannel                     0x0800224d   Thumb Code    64  uart.o(.text)
    USART_Interrupt_MyInit                   0x0800228d   Thumb Code    68  uart.o(.text)
    Queue_StructInit                         0x080022e9   Thumb Code    10  queue.o(.text)
    Queue_IsInitialized                      0x080022f3   Thumb Code    28  queue.o(.text)
    Queue_Clear                              0x0800230f   Thumb Code    26  queue.o(.text)
    Queue_Create                             0x08002329   Thumb Code    46  queue.o(.text)
    Queue_Peek                               0x08002357   Thumb Code    16  queue.o(.text)
    Queue_PeekUinit16s                       0x08002367   Thumb Code    74  queue.o(.text)
    Queue_PeekStr                            0x080023b1   Thumb Code    70  queue.o(.text)
    Queue_Pop                                0x080023f7   Thumb Code    30  queue.o(.text)
    Queue_IsFull                             0x08002415   Thumb Code    18  queue.o(.text)
    Queue_Push                               0x08002427   Thumb Code    34  queue.o(.text)
    Queue_PushUint16s                        0x08002449   Thumb Code    58  queue.o(.text)
    Queue_PushStr                            0x08002483   Thumb Code    70  queue.o(.text)
    Queue_IsEmpty                            0x080024c9   Thumb Code    16  queue.o(.text)
    Queue_Destroy                            0x080024d9   Thumb Code    24  queue.o(.text)
    Array_Uint16_ShiftLeft                   0x080024f1   Thumb Code    48  array.o(.text)
    CMD_IsValid                              0x08002521   Thumb Code    62  cmd.o(.text)
    CMD_RemoveEnter                          0x0800255f   Thumb Code    20  cmd.o(.text)
    HotKey_IsExisted                         0x08002573   Thumb Code    26  hotkey.o(.text)
    Reset_Handler                            0x0800258d   Thumb Code     8  startup_stm32f4xx.o(.text)
    NMI_Handler                              0x08002595   Thumb Code     2  startup_stm32f4xx.o(.text)
    HardFault_Handler                        0x08002597   Thumb Code     2  startup_stm32f4xx.o(.text)
    MemManage_Handler                        0x08002599   Thumb Code     2  startup_stm32f4xx.o(.text)
    BusFault_Handler                         0x0800259b   Thumb Code     2  startup_stm32f4xx.o(.text)
    UsageFault_Handler                       0x0800259d   Thumb Code     2  startup_stm32f4xx.o(.text)
    SVC_Handler                              0x0800259f   Thumb Code     2  startup_stm32f4xx.o(.text)
    DebugMon_Handler                         0x080025a1   Thumb Code     2  startup_stm32f4xx.o(.text)
    PendSV_Handler                           0x080025a3   Thumb Code     2  startup_stm32f4xx.o(.text)
    ADC_IRQHandler                           0x080025a7   Thumb Code     0  startup_stm32f4xx.o(.text)
    CAN1_RX0_IRQHandler                      0x080025a7   Thumb Code     0  startup_stm32f4xx.o(.text)
    CAN1_RX1_IRQHandler                      0x080025a7   Thumb Code     0  startup_stm32f4xx.o(.text)
    CAN1_SCE_IRQHandler                      0x080025a7   Thumb Code     0  startup_stm32f4xx.o(.text)
    CAN1_TX_IRQHandler                       0x080025a7   Thumb Code     0  startup_stm32f4xx.o(.text)
    CAN2_RX0_IRQHandler                      0x080025a7   Thumb Code     0  startup_stm32f4xx.o(.text)
    CAN2_RX1_IRQHandler                      0x080025a7   Thumb Code     0  startup_stm32f4xx.o(.text)
    CAN2_SCE_IRQHandler                      0x080025a7   Thumb Code     0  startup_stm32f4xx.o(.text)
    CAN2_TX_IRQHandler                       0x080025a7   Thumb Code     0  startup_stm32f4xx.o(.text)
    CRYP_IRQHandler                          0x080025a7   Thumb Code     0  startup_stm32f4xx.o(.text)
    DCMI_IRQHandler                          0x080025a7   Thumb Code     0  startup_stm32f4xx.o(.text)
    DMA1_Stream0_IRQHandler                  0x080025a7   Thumb Code     0  startup_stm32f4xx.o(.text)
    DMA1_Stream1_IRQHandler                  0x080025a7   Thumb Code     0  startup_stm32f4xx.o(.text)
    DMA1_Stream2_IRQHandler                  0x080025a7   Thumb Code     0  startup_stm32f4xx.o(.text)
    DMA1_Stream3_IRQHandler                  0x080025a7   Thumb Code     0  startup_stm32f4xx.o(.text)
    DMA1_Stream4_IRQHandler                  0x080025a7   Thumb Code     0  startup_stm32f4xx.o(.text)
    DMA1_Stream5_IRQHandler                  0x080025a7   Thumb Code     0  startup_stm32f4xx.o(.text)
    DMA1_Stream6_IRQHandler                  0x080025a7   Thumb Code     0  startup_stm32f4xx.o(.text)
    DMA1_Stream7_IRQHandler                  0x080025a7   Thumb Code     0  startup_stm32f4xx.o(.text)
    DMA2_Stream0_IRQHandler                  0x080025a7   Thumb Code     0  startup_stm32f4xx.o(.text)
    DMA2_Stream1_IRQHandler                  0x080025a7   Thumb Code     0  startup_stm32f4xx.o(.text)
    DMA2_Stream2_IRQHandler                  0x080025a7   Thumb Code     0  startup_stm32f4xx.o(.text)
    DMA2_Stream3_IRQHandler                  0x080025a7   Thumb Code     0  startup_stm32f4xx.o(.text)
    DMA2_Stream4_IRQHandler                  0x080025a7   Thumb Code     0  startup_stm32f4xx.o(.text)
    DMA2_Stream5_IRQHandler                  0x080025a7   Thumb Code     0  startup_stm32f4xx.o(.text)
    DMA2_Stream6_IRQHandler                  0x080025a7   Thumb Code     0  startup_stm32f4xx.o(.text)
    DMA2_Stream7_IRQHandler                  0x080025a7   Thumb Code     0  startup_stm32f4xx.o(.text)
    ETH_IRQHandler                           0x080025a7   Thumb Code     0  startup_stm32f4xx.o(.text)
    ETH_WKUP_IRQHandler                      0x080025a7   Thumb Code     0  startup_stm32f4xx.o(.text)
    EXTI0_IRQHandler                         0x080025a7   Thumb Code     0  startup_stm32f4xx.o(.text)
    EXTI15_10_IRQHandler                     0x080025a7   Thumb Code     0  startup_stm32f4xx.o(.text)
    EXTI1_IRQHandler                         0x080025a7   Thumb Code     0  startup_stm32f4xx.o(.text)
    EXTI2_IRQHandler                         0x080025a7   Thumb Code     0  startup_stm32f4xx.o(.text)
    EXTI3_IRQHandler                         0x080025a7   Thumb Code     0  startup_stm32f4xx.o(.text)
    EXTI4_IRQHandler                         0x080025a7   Thumb Code     0  startup_stm32f4xx.o(.text)
    EXTI9_5_IRQHandler                       0x080025a7   Thumb Code     0  startup_stm32f4xx.o(.text)
    FLASH_IRQHandler                         0x080025a7   Thumb Code     0  startup_stm32f4xx.o(.text)
    FPU_IRQHandler                           0x080025a7   Thumb Code     0  startup_stm32f4xx.o(.text)
    FSMC_IRQHandler                          0x080025a7   Thumb Code     0  startup_stm32f4xx.o(.text)
    HASH_RNG_IRQHandler                      0x080025a7   Thumb Code     0  startup_stm32f4xx.o(.text)
    I2C1_ER_IRQHandler                       0x080025a7   Thumb Code     0  startup_stm32f4xx.o(.text)
    I2C1_EV_IRQHandler                       0x080025a7   Thumb Code     0  startup_stm32f4xx.o(.text)
    I2C2_ER_IRQHandler                       0x080025a7   Thumb Code     0  startup_stm32f4xx.o(.text)
    I2C2_EV_IRQHandler                       0x080025a7   Thumb Code     0  startup_stm32f4xx.o(.text)
    I2C3_ER_IRQHandler                       0x080025a7   Thumb Code     0  startup_stm32f4xx.o(.text)
    I2C3_EV_IRQHandler                       0x080025a7   Thumb Code     0  startup_stm32f4xx.o(.text)
    OTG_FS_IRQHandler                        0x080025a7   Thumb Code     0  startup_stm32f4xx.o(.text)
    OTG_FS_WKUP_IRQHandler                   0x080025a7   Thumb Code     0  startup_stm32f4xx.o(.text)
    OTG_HS_EP1_IN_IRQHandler                 0x080025a7   Thumb Code     0  startup_stm32f4xx.o(.text)
    OTG_HS_EP1_OUT_IRQHandler                0x080025a7   Thumb Code     0  startup_stm32f4xx.o(.text)
    OTG_HS_IRQHandler                        0x080025a7   Thumb Code     0  startup_stm32f4xx.o(.text)
    OTG_HS_WKUP_IRQHandler                   0x080025a7   Thumb Code     0  startup_stm32f4xx.o(.text)
    PVD_IRQHandler                           0x080025a7   Thumb Code     0  startup_stm32f4xx.o(.text)
    RCC_IRQHandler                           0x080025a7   Thumb Code     0  startup_stm32f4xx.o(.text)
    RTC_Alarm_IRQHandler                     0x080025a7   Thumb Code     0  startup_stm32f4xx.o(.text)
    RTC_WKUP_IRQHandler                      0x080025a7   Thumb Code     0  startup_stm32f4xx.o(.text)
    SDIO_IRQHandler                          0x080025a7   Thumb Code     0  startup_stm32f4xx.o(.text)
    SPI1_IRQHandler                          0x080025a7   Thumb Code     0  startup_stm32f4xx.o(.text)
    SPI2_IRQHandler                          0x080025a7   Thumb Code     0  startup_stm32f4xx.o(.text)
    SPI3_IRQHandler                          0x080025a7   Thumb Code     0  startup_stm32f4xx.o(.text)
    TAMP_STAMP_IRQHandler                    0x080025a7   Thumb Code     0  startup_stm32f4xx.o(.text)
    TIM1_BRK_TIM9_IRQHandler                 0x080025a7   Thumb Code     0  startup_stm32f4xx.o(.text)
    TIM1_CC_IRQHandler                       0x080025a7   Thumb Code     0  startup_stm32f4xx.o(.text)
    TIM1_TRG_COM_TIM11_IRQHandler            0x080025a7   Thumb Code     0  startup_stm32f4xx.o(.text)
    TIM1_UP_TIM10_IRQHandler                 0x080025a7   Thumb Code     0  startup_stm32f4xx.o(.text)
    TIM2_IRQHandler                          0x080025a7   Thumb Code     0  startup_stm32f4xx.o(.text)
    TIM3_IRQHandler                          0x080025a7   Thumb Code     0  startup_stm32f4xx.o(.text)
    TIM4_IRQHandler                          0x080025a7   Thumb Code     0  startup_stm32f4xx.o(.text)
    TIM5_IRQHandler                          0x080025a7   Thumb Code     0  startup_stm32f4xx.o(.text)
    TIM6_DAC_IRQHandler                      0x080025a7   Thumb Code     0  startup_stm32f4xx.o(.text)
    TIM7_IRQHandler                          0x080025a7   Thumb Code     0  startup_stm32f4xx.o(.text)
    TIM8_BRK_TIM12_IRQHandler                0x080025a7   Thumb Code     0  startup_stm32f4xx.o(.text)
    TIM8_CC_IRQHandler                       0x080025a7   Thumb Code     0  startup_stm32f4xx.o(.text)
    TIM8_TRG_COM_TIM14_IRQHandler            0x080025a7   Thumb Code     0  startup_stm32f4xx.o(.text)
    TIM8_UP_TIM13_IRQHandler                 0x080025a7   Thumb Code     0  startup_stm32f4xx.o(.text)
    UART4_IRQHandler                         0x080025a7   Thumb Code     0  startup_stm32f4xx.o(.text)
    UART5_IRQHandler                         0x080025a7   Thumb Code     0  startup_stm32f4xx.o(.text)
    USART1_IRQHandler                        0x080025a7   Thumb Code     0  startup_stm32f4xx.o(.text)
    USART2_IRQHandler                        0x080025a7   Thumb Code     0  startup_stm32f4xx.o(.text)
    USART6_IRQHandler                        0x080025a7   Thumb Code     0  startup_stm32f4xx.o(.text)
    WWDG_IRQHandler                          0x080025a7   Thumb Code     0  startup_stm32f4xx.o(.text)
    STM_EVAL_LEDInit                         0x080025b1   Thumb Code    62  stm32f4_discovery.o(.text)
    STM_EVAL_LEDOn                           0x080025ef   Thumb Code    16  stm32f4_discovery.o(.text)
    STM_EVAL_LEDOff                          0x080025ff   Thumb Code    16  stm32f4_discovery.o(.text)
    STM_EVAL_LEDToggle                       0x0800260f   Thumb Code    26  stm32f4_discovery.o(.text)
    STM_EVAL_PBInit                          0x08002629   Thumb Code   140  stm32f4_discovery.o(.text)
    STM_EVAL_PBGetState                      0x080026b5   Thumb Code    22  stm32f4_discovery.o(.text)
    push                                     0x080026f5   Thumb Code    52  expr_eval.o(.text)
    pop                                      0x08002729   Thumb Code    52  expr_eval.o(.text)
    peek                                     0x0800275d   Thumb Code    46  expr_eval.o(.text)
    stack_depth                              0x0800278b   Thumb Code     6  expr_eval.o(.text)
    init_stack                               0x08002791   Thumb Code    34  expr_eval.o(.text)
    calc_binary_op                           0x080027b3   Thumb Code    64  expr_eval.o(.text)
    calc_unary_op                            0x080027f3   Thumb Code    30  expr_eval.o(.text)
    calc_number                              0x08002811   Thumb Code   330  expr_eval.o(.text)
    calc_paren                               0x0800295b   Thumb Code   130  expr_eval.o(.text)
    calculate                                0x080029dd   Thumb Code   410  expr_eval.o(.text)
    __aeabi_memcpy                           0x08002b77   Thumb Code    36  memcpya.o(.text)
    __aeabi_memcpy4                          0x08002b77   Thumb Code     0  memcpya.o(.text)
    __aeabi_memcpy8                          0x08002b77   Thumb Code     0  memcpya.o(.text)
    __aeabi_memset                           0x08002b9b   Thumb Code    14  memseta.o(.text)
    __aeabi_memset4                          0x08002b9b   Thumb Code     0  memseta.o(.text)
    __aeabi_memset8                          0x08002b9b   Thumb Code     0  memseta.o(.text)
    __aeabi_memclr                           0x08002ba9   Thumb Code     4  memseta.o(.text)
    __aeabi_memclr4                          0x08002ba9   Thumb Code     0  memseta.o(.text)
    __aeabi_memclr8                          0x08002ba9   Thumb Code     0  memseta.o(.text)
    _memset$wrapper                          0x08002bad   Thumb Code    18  memseta.o(.text)
    strcat                                   0x08002bbf   Thumb Code    24  strcat.o(.text)
    strstr                                   0x08002bd7   Thumb Code    36  strstr.o(.text)
    strlen                                   0x08002bfb   Thumb Code    14  strlen.o(.text)
    strtok                                   0x08002c09   Thumb Code    62  strtok.o(.text)
    strcasecmp                               0x08002c4d   Thumb Code    42  strcasecmp.o(.text)
    calloc                                   0x08002c77   Thumb Code    28  calloc.o(.text)
    __aeabi_uidiv                            0x08002c93   Thumb Code     0  uidiv.o(.text)
    __aeabi_uidivmod                         0x08002c93   Thumb Code    44  uidiv.o(.text)
    tolower                                  0x08002cbf   Thumb Code    12  tolower.o(.text)
    __scatterload                            0x08002ccd   Thumb Code    28  init.o(.text)
    __scatterload_rt2                        0x08002ccd   Thumb Code     0  init.o(.text)
    __0sprintf$1                             0x08002cf1   Thumb Code    34  printf1.o(i.__0sprintf$1)
    __1sprintf$1                             0x08002cf1   Thumb Code     0  printf1.o(i.__0sprintf$1)
    __2sprintf                               0x08002cf1   Thumb Code     0  printf1.o(i.__0sprintf$1)
    __scatterload_copy                       0x08002d19   Thumb Code    14  handlers.o(i.__scatterload_copy)
    __scatterload_null                       0x08002d27   Thumb Code     2  handlers.o(i.__scatterload_null)
    __scatterload_zeroinit                   0x08002d29   Thumb Code    14  handlers.o(i.__scatterload_zeroinit)
    free                                     0x08002e99   Thumb Code    76  malloc.o(i.free)
    malloc                                   0x08002ee9   Thumb Code    92  malloc.o(i.malloc)
    GPIO_PIN                                 0x08002f54   Data           8  stm32f4_discovery.o(.constdata)
    GPIO_CLK                                 0x08002f5c   Data          16  stm32f4_discovery.o(.constdata)
    BUTTON_PIN                               0x08002f6c   Data           2  stm32f4_discovery.o(.constdata)
    BUTTON_CLK                               0x08002f70   Data           4  stm32f4_discovery.o(.constdata)
    BUTTON_EXTI_LINE                         0x08002f74   Data           2  stm32f4_discovery.o(.constdata)
    BUTTON_PORT_SOURCE                       0x08002f76   Data           1  stm32f4_discovery.o(.constdata)
    BUTTON_PIN_SOURCE                        0x08002f77   Data           1  stm32f4_discovery.o(.constdata)
    BUTTON_IRQn                              0x08002f78   Data           1  stm32f4_discovery.o(.constdata)
    Region$$Table$$Base                      0x080030c0   Number         0  anon$$obj.o(Region$$Table)
    Region$$Table$$Limit                     0x080030e0   Number         0  anon$$obj.o(Region$$Table)
    SystemCoreClock                          0x20000000   Data           4  system_stm32f4xx.o(.data)
    AHBPrescTable                            0x20000004   Data          16  system_stm32f4xx.o(.data)
    g_option_inform_str                      0x20000024   Data           4  main.o(.data)
    g_line_str                               0x20000028   Data           4  main.o(.data)
    g_option_1_str                           0x2000002c   Data           4  main.o(.data)
    g_option_2_str                           0x20000030   Data           4  main.o(.data)
    g_option_3_str                           0x20000034   Data           4  main.o(.data)
    g_option_4_str                           0x20000038   Data           4  main.o(.data)
    g_option_5_str                           0x2000003c   Data           4  main.o(.data)
    g_escape_str                             0x20000040   Data           4  main.o(.data)
    g_cmd_str                                0x20000044   Data           4  main.o(.data)
    g_student_id_str                         0x20000048   Data           4  main.o(.data)
    g_student_name_str                       0x2000004c   Data           4  main.o(.data)
    g_word_on                                0x20000050   Data           4  main.o(.data)
    g_word_off                               0x20000054   Data           4  main.o(.data)
    g_word_green                             0x20000058   Data           4  main.o(.data)
    g_word_blue                              0x2000005c   Data           4  main.o(.data)
    g_word_red                               0x20000060   Data           4  main.o(.data)
    g_word_orange                            0x20000064   Data           4  main.o(.data)
    g_cmd_one                                0x20000068   Data           4  main.o(.data)
    g_cmd_two                                0x2000006c   Data           4  main.o(.data)
    g_cmd_three                              0x20000070   Data           4  main.o(.data)
    g_cmd_four                               0x20000074   Data           4  main.o(.data)
    g_cmd_five                               0x20000078   Data           4  main.o(.data)
    g_cmd_a                                  0x2000007c   Data           4  main.o(.data)
    g_cmd_b                                  0x20000080   Data           4  main.o(.data)
    g_cmd_c                                  0x20000084   Data           4  main.o(.data)
    g_cmd_r                                  0x20000088   Data           4  main.o(.data)
    g_cmd_g                                  0x2000008c   Data           4  main.o(.data)
    g_cmd_o                                  0x20000090   Data           4  main.o(.data)
    g_student_1_name                         0x20000094   Data           4  main.o(.data)
    g_student_2_name                         0x20000098   Data           4  main.o(.data)
    g_student_1_id                           0x2000009c   Data           4  main.o(.data)
    g_student_2_id                           0x200000a0   Data           4  main.o(.data)
    g_cmd_invalid                            0x200000a4   Data           4  main.o(.data)
    g_expr_result                            0x200000a8   Data           4  main.o(.data)
    g_led_on_inform                          0x200000ac   Data           4  main.o(.data)
    g_led_off_inform                         0x200000b0   Data           4  main.o(.data)
    g_queue_send                             0x200000b4   Data           8  main.o(.data)
    g_queue_receive                          0x200000bc   Data           8  main.o(.data)
    g_sys_tick                               0x200000c4   Data           4  system.o(.data)
    GPIO_PORT                                0x200000c8   Data          16  stm32f4_discovery.o(.data)
    BUTTON_PORT                              0x200000d8   Data           4  stm32f4_discovery.o(.data)
    NVIC_InitStructure                       0x200000dc   Data           4  stm32f4_discovery.o(.data)
    stack                                    0x200000e0   Data           4  expr_eval.o(.data)
    p1                                       0x200000e4   Data           4  expr_eval.o(.data)
    p2                                       0x200000e8   Data           4  expr_eval.o(.data)
    __microlib_freelist                      0x200000f0   Data           4  mvars.o(.data)
    __microlib_freelist_initialised          0x200000f4   Data           4  mvars.o(.data)
    g_menu_str                               0x200000f8   Data         150  main.o(.bss)
    g_usart                                  0x20000190   Data          44  main.o(.bss)
    top                                      0x200001bc   Data         160  expr_eval.o(.bss)
    __heap_base                              0x20000260   Data           0  startup_stm32f4xx.o(HEAP)
    __heap_limit                             0x20002a60   Data           0  startup_stm32f4xx.o(HEAP)
    __initial_sp                             0x20002e60   Data           0  startup_stm32f4xx.o(STACK)



==============================================================================

Memory Map of the image

  Image Entry point : 0x0800258d

  Load Region LR_1 (Base: 0x08000000, Size: 0x000031d8, Max: 0xffffffff, ABSOLUTE)

    Execution Region ER_RO (Base: 0x08000000, Size: 0x000030e0, Max: 0xffffffff, ABSOLUTE)

    Base Addr    Size         Type   Attr      Idx    E Section Name        Object

    0x08000000   0x00000188   Data   RO          439    RESET               startup_stm32f4xx.o
    0x08000188   0x00000000   Code   RO          485  * .ARM.Collect$$$$00000000  mc_w.l(entry.o)
    0x08000188   0x00000004   Code   RO          799    .ARM.Collect$$$$00000001  mc_w.l(entry2.o)
    0x0800018c   0x00000004   Code   RO          802    .ARM.Collect$$$$00000004  mc_w.l(entry5.o)
    0x08000190   0x00000000   Code   RO          804    .ARM.Collect$$$$00000008  mc_w.l(entry7b.o)
    0x08000190   0x00000000   Code   RO          806    .ARM.Collect$$$$0000000A  mc_w.l(entry8b.o)
    0x08000190   0x00000008   Code   RO          807    .ARM.Collect$$$$0000000B  mc_w.l(entry9a.o)
    0x08000198   0x00000000   Code   RO          809    .ARM.Collect$$$$0000000D  mc_w.l(entry10a.o)
    0x08000198   0x00000000   Code   RO          811    .ARM.Collect$$$$0000000F  mc_w.l(entry11a.o)
    0x08000198   0x00000004   Code   RO          800    .ARM.Collect$$$$00002712  mc_w.l(entry2.o)
    0x0800019c   0x0000020c   Code   RO            2    .text               system_stm32f4xx.o
    0x080003a8   0x000000e4   Code   RO           70    .text               misc.o
    0x0800048c   0x0000011c   Code   RO           90    .text               stm32f4xx_exti.o
    0x080005a8   0x0000025c   Code   RO          106    .text               stm32f4xx_gpio.o
    0x08000804   0x00000588   Code   RO          122    .text               stm32f4xx_rcc.o
    0x08000d8c   0x0000008c   Code   RO          156    .text               stm32f4xx_syscfg.o
    0x08000e18   0x0000041a   Code   RO          172    .text               stm32f4xx_usart.o
    0x08001232   0x00000002   PAD
    0x08001234   0x00000210   Code   RO          188    .text               gpio.o
    0x08001444   0x000001a0   Code   RO          210    .text               led.o
    0x080015e4   0x000008f8   Code   RO          238    .text               main.o
    0x08001edc   0x0000008a   Code   RO          303    .text               string_manipulator.o
    0x08001f66   0x00000002   PAD
    0x08001f68   0x00000080   Code   RO          319    .text               system.o
    0x08001fe8   0x00000300   Code   RO          342    .text               uart.o
    0x080022e8   0x00000208   Code   RO          361    .text               queue.o
    0x080024f0   0x00000030   Code   RO          386    .text               array.o
    0x08002520   0x00000052   Code   RO          406    .text               cmd.o
    0x08002572   0x0000001a   Code   RO          422    .text               hotkey.o
    0x0800258c   0x00000024   Code   RO          440  * .text               startup_stm32f4xx.o
    0x080025b0   0x00000144   Code   RO          445    .text               stm32f4_discovery.o
    0x080026f4   0x00000482   Code   RO          465    .text               expr_eval.o
    0x08002b76   0x00000024   Code   RO          488    .text               mc_w.l(memcpya.o)
    0x08002b9a   0x00000024   Code   RO          490    .text               mc_w.l(memseta.o)
    0x08002bbe   0x00000018   Code   RO          492    .text               mc_w.l(strcat.o)
    0x08002bd6   0x00000024   Code   RO          494    .text               mc_w.l(strstr.o)
    0x08002bfa   0x0000000e   Code   RO          496    .text               mc_w.l(strlen.o)
    0x08002c08   0x00000044   Code   RO          498    .text               mc_w.l(strtok.o)
    0x08002c4c   0x0000002a   Code   RO          506    .text               mc_w.l(strcasecmp.o)
    0x08002c76   0x0000001c   Code   RO          797    .text               mc_w.l(calloc.o)
    0x08002c92   0x0000002c   Code   RO          816    .text               mc_w.l(uidiv.o)
    0x08002cbe   0x0000000c   Code   RO          820    .text               mc_w.l(tolower.o)
    0x08002cca   0x00000002   PAD
    0x08002ccc   0x00000024   Code   RO          835    .text               mc_w.l(init.o)
    0x08002cf0   0x00000028   Code   RO          555    i.__0sprintf$1      mc_w.l(printf1.o)
    0x08002d18   0x0000000e   Code   RO          849    i.__scatterload_copy  mc_w.l(handlers.o)
    0x08002d26   0x00000002   Code   RO          850    i.__scatterload_null  mc_w.l(handlers.o)
    0x08002d28   0x0000000e   Code   RO          851    i.__scatterload_zeroinit  mc_w.l(handlers.o)
    0x08002d36   0x00000002   PAD
    0x08002d38   0x00000154   Code   RO          560    i._printf_core      mc_w.l(printf1.o)
    0x08002e8c   0x0000000a   Code   RO          562    i._sputc            mc_w.l(printf1.o)
    0x08002e96   0x00000002   PAD
    0x08002e98   0x00000050   Code   RO          769    i.free              mc_w.l(malloc.o)
    0x08002ee8   0x0000006c   Code   RO          770    i.malloc            mc_w.l(malloc.o)
    0x08002f54   0x00000025   Data   RO          446    .constdata          stm32f4_discovery.o
    0x08002f79   0x00000147   Data   RO          240    .conststring        main.o
    0x080030c0   0x00000020   Data   RO          847    Region$$Table       anon$$obj.o


    Execution Region ER_RW (Base: 0x20000000, Size: 0x000000f8, Max: 0xffffffff, ABSOLUTE)

    Base Addr    Size         Type   Attr      Idx    E Section Name        Object

    0x20000000   0x00000014   Data   RW            3    .data               system_stm32f4xx.o
    0x20000014   0x00000010   Data   RW          123    .data               stm32f4xx_rcc.o
    0x20000024   0x000000a0   Data   RW          241    .data               main.o
    0x200000c4   0x00000004   Data   RW          320    .data               system.o
    0x200000c8   0x00000018   Data   RW          447    .data               stm32f4_discovery.o
    0x200000e0   0x0000000c   Data   RW          468    .data               expr_eval.o
    0x200000ec   0x00000004   Data   RW          499    .data               mc_w.l(strtok.o)
    0x200000f0   0x00000004   Data   RW          822    .data               mc_w.l(mvars.o)
    0x200000f4   0x00000004   Data   RW          823    .data               mc_w.l(mvars.o)


    Execution Region ER_ZI (Base: 0x200000f8, Size: 0x00002d68, Max: 0xffffffff, ABSOLUTE)

    Base Addr    Size         Type   Attr      Idx    E Section Name        Object

    0x200000f8   0x000000c4   Zero   RW          239    .bss                main.o
    0x200001bc   0x000000a0   Zero   RW          466    .bss                expr_eval.o
    0x2000025c   0x00000004   PAD
    0x20000260   0x00002800   Zero   RW          438    HEAP                startup_stm32f4xx.o
    0x20002a60   0x00000400   Zero   RW          437    STACK               startup_stm32f4xx.o


==============================================================================

Image component sizes


      Code (inc. data)   RO Data    RW Data    ZI Data      Debug   Object Name

        48          0          0          0          0        921   array.o
        82          0          0          0          0        746   cmd.o
      1154         56          0         12        160       4051   expr_eval.o
       528         52          0          0          0       2183   gpio.o
        26          0          0          0          0        555   hotkey.o
       416         32          0          0          0       4103   led.o
      2296        170        327        160        196      11669   main.o
       228         22          0          0          0       1725   misc.o
       520          0          0          0          0       4190   queue.o
        36          8        392          0      11264        764   startup_stm32f4xx.o
       324         42         37         24          0       2622   stm32f4_discovery.o
       284         10          0          0          0       2203   stm32f4xx_exti.o
       604         36          0          0          0       3973   stm32f4xx_gpio.o
      1416         48          0         16          0      10799   stm32f4xx_rcc.o
       140         12          0          0          0       1627   stm32f4xx_syscfg.o
      1050         26          0          0          0       7680   stm32f4xx_usart.o
       138          0          0          0          0       1440   string_manipulator.o
       128         12          0          4          0      19626   system.o
       524         44          0         20          0     242299   system_stm32f4xx.o
       768         24          0          0          0       4045   uart.o

    ----------------------------------------------------------------------
     10714        594        788        236      11624     327221   Object Totals
         0          0         32          0          0          0   (incl. Generated)
         4          0          0          0          4          0   (incl. Padding)

    ----------------------------------------------------------------------

      Code (inc. data)   RO Data    RW Data    ZI Data      Debug   Library Member Name

        28          0          0          0          0         76   calloc.o
         0          0          0          0          0          0   entry.o
         0          0          0          0          0          0   entry10a.o
         0          0          0          0          0          0   entry11a.o
         8          4          0          0          0          0   entry2.o
         4          0          0          0          0          0   entry5.o
         0          0          0          0          0          0   entry7b.o
         0          0          0          0          0          0   entry8b.o
         8          4          0          0          0          0   entry9a.o
        30          0          0          0          0          0   handlers.o
        36          8          0          0          0         68   init.o
       188         20          0          0          0        160   malloc.o
        36          0          0          0          0         68   memcpya.o
        36          0          0          0          0        108   memseta.o
         0          0          0          8          0          0   mvars.o
       390         12          0          0          0        248   printf1.o
        42          0          0          0          0         84   strcasecmp.o
        24          0          0          0          0         68   strcat.o
        14          0          0          0          0         68   strlen.o
        36          0          0          0          0         80   strstr.o
        68          6          0          4          0         80   strtok.o
        12          0          0          0          0         68   tolower.o
        44          0          0          0          0         80   uidiv.o

    ----------------------------------------------------------------------
      1010         54          0         12          0       1256   Library Totals
         6          0          0          0          0          0   (incl. Padding)

    ----------------------------------------------------------------------

      Code (inc. data)   RO Data    RW Data    ZI Data      Debug   Library Name

      1004         54          0         12          0       1256   mc_w.l

    ----------------------------------------------------------------------
      1010         54          0         12          0       1256   Library Totals

    ----------------------------------------------------------------------

==============================================================================


      Code (inc. data)   RO Data    RW Data    ZI Data      Debug   

     11724        648        788        248      11624     323605   Grand Totals
     11724        648        788        248      11624     323605   ELF Image Totals
     11724        648        788        248          0          0   ROM Totals

==============================================================================

    Total RO  Size (Code + RO Data)                12512 (  12.22kB)
    Total RW  Size (RW Data + ZI Data)             11872 (  11.59kB)
    Total ROM Size (Code + RO Data + RW Data)      12760 (  12.46kB)

==============================================================================

